<?xml version="1.0"?>
<link_info>
   <banner>TMS320C2000 Linker PC v17.6.0.STS</banner>
   <copyright>Copyright (c) 1996-2017 Texas Instruments Incorporated</copyright>
   <link_time>0x5c10063a</link_time>
   <link_errors>0x0</link_errors>
   <output_file>Lab9_oversample_NONburst.out</output_file>
   <entry_point>
      <name>_c_int00</name>
      <address>0x8bd03</address>
   </entry_point>
   <input_file_list>
      <input_file id="fl-2">
         <path>.\</path>
         <kind>object</kind>
         <file>F2837xS_Adc.obj</file>
         <name>F2837xS_Adc.obj</name>
      </input_file>
      <input_file id="fl-3">
         <path>.\</path>
         <kind>object</kind>
         <file>F2837xS_CodeStartBranch.obj</file>
         <name>F2837xS_CodeStartBranch.obj</name>
      </input_file>
      <input_file id="fl-4">
         <path>.\</path>
         <kind>object</kind>
         <file>F2837xS_EPwm.obj</file>
         <name>F2837xS_EPwm.obj</name>
      </input_file>
      <input_file id="fl-5">
         <path>.\</path>
         <kind>object</kind>
         <file>F2837xS_GlobalVariableDefs.obj</file>
         <name>F2837xS_GlobalVariableDefs.obj</name>
      </input_file>
      <input_file id="fl-6">
         <path>.\</path>
         <kind>object</kind>
         <file>F2837xS_Gpio.obj</file>
         <name>F2837xS_Gpio.obj</name>
      </input_file>
      <input_file id="fl-7">
         <path>.\</path>
         <kind>object</kind>
         <file>F2837xS_Spi.obj</file>
         <name>F2837xS_Spi.obj</name>
      </input_file>
      <input_file id="fl-8">
         <path>.\</path>
         <kind>object</kind>
         <file>F2837xS_SysCtrl.obj</file>
         <name>F2837xS_SysCtrl.obj</name>
      </input_file>
      <input_file id="fl-9">
         <path>.\</path>
         <kind>object</kind>
         <file>F2837xS_usDelay.obj</file>
         <name>F2837xS_usDelay.obj</name>
      </input_file>
      <input_file id="fl-a">
         <path>.\</path>
         <kind>object</kind>
         <file>f28377sADC.obj</file>
         <name>f28377sADC.obj</name>
      </input_file>
      <input_file id="fl-b">
         <path>.\</path>
         <kind>object</kind>
         <file>f28377sCoecsl.obj</file>
         <name>f28377sCoecsl.obj</name>
      </input_file>
      <input_file id="fl-c">
         <path>.\</path>
         <kind>object</kind>
         <file>f28377sDAC.obj</file>
         <name>f28377sDAC.obj</name>
      </input_file>
      <input_file id="fl-d">
         <path>.\</path>
         <kind>object</kind>
         <file>f28377sEPWM3A.obj</file>
         <name>f28377sEPWM3A.obj</name>
      </input_file>
      <input_file id="fl-e">
         <path>.\</path>
         <kind>object</kind>
         <file>f28377sEqep.obj</file>
         <name>f28377sEqep.obj</name>
      </input_file>
      <input_file id="fl-f">
         <path>.\</path>
         <kind>object</kind>
         <file>f28377sSerial.obj</file>
         <name>f28377sSerial.obj</name>
      </input_file>
      <input_file id="fl-10">
         <path>.\</path>
         <kind>object</kind>
         <file>lcd.obj</file>
         <name>lcd.obj</name>
      </input_file>
      <input_file id="fl-11">
         <path>.\</path>
         <kind>object</kind>
         <file>user_Lab9_oversample_NONburst.obj</file>
         <name>user_Lab9_oversample_NONburst.obj</name>
      </input_file>
      <input_file id="fl-13">
         <path>C:\ayush2\repo\trunk\Lab9_oversample_NONburst\Lab9_oversample_NONburstProject\Debug\configPkg\package\cfg\</path>
         <kind>object</kind>
         <file>Lab9_oversample_NONburst_p28FP.o28FP</file>
         <name>Lab9_oversample_NONburst_p28FP.o28FP</name>
      </input_file>
      <input_file id="fl-1e">
         <kind>object</kind>
         <file>&lt;internal&gt;</file>
         <name>&lt;internal&gt;</name>
      </input_file>
      <input_file id="fl-1f">
         <path>C:\ayush2\repo\trunk\Lab9_oversample_NONburst\src\sysbios\</path>
         <kind>archive</kind>
         <file>sysbios.a28FP</file>
         <name>BIOS.obj</name>
      </input_file>
      <input_file id="fl-20">
         <path>C:\ayush2\repo\trunk\Lab9_oversample_NONburst\src\sysbios\</path>
         <kind>archive</kind>
         <file>sysbios.a28FP</file>
         <name>c28_Hwi_asm.obj</name>
      </input_file>
      <input_file id="fl-21">
         <path>C:\ayush2\repo\trunk\Lab9_oversample_NONburst\src\sysbios\</path>
         <kind>archive</kind>
         <file>sysbios.a28FP</file>
         <name>c28_Hwi_disp_asm.obj</name>
      </input_file>
      <input_file id="fl-22">
         <path>C:\ayush2\repo\trunk\Lab9_oversample_NONburst\src\sysbios\</path>
         <kind>archive</kind>
         <file>sysbios.a28FP</file>
         <name>c28_IntrinsicsSupport_asm.obj</name>
      </input_file>
      <input_file id="fl-23">
         <path>C:\ayush2\repo\trunk\Lab9_oversample_NONburst\src\sysbios\</path>
         <kind>archive</kind>
         <file>sysbios.a28FP</file>
         <name>c28_TaskSupport_asm.obj</name>
      </input_file>
      <input_file id="fl-24">
         <path>C:\CCStudio_v8\tirtos_c2000_2_16_01_14\products\bios_6_45_02_31\packages\ti\targets\rts2800\lib\</path>
         <kind>archive</kind>
         <file>ti.targets.rts2800.a28FP</file>
         <name>Assert.o28FP</name>
      </input_file>
      <input_file id="fl-25">
         <path>C:\CCStudio_v8\tirtos_c2000_2_16_01_14\products\bios_6_45_02_31\packages\ti\targets\rts2800\lib\</path>
         <kind>archive</kind>
         <file>ti.targets.rts2800.a28FP</file>
         <name>Core-mem.o28FP</name>
      </input_file>
      <input_file id="fl-26">
         <path>C:\CCStudio_v8\tirtos_c2000_2_16_01_14\products\bios_6_45_02_31\packages\ti\targets\rts2800\lib\</path>
         <kind>archive</kind>
         <file>ti.targets.rts2800.a28FP</file>
         <name>Core-smem.o28FP</name>
      </input_file>
      <input_file id="fl-27">
         <path>C:\CCStudio_v8\tirtos_c2000_2_16_01_14\products\bios_6_45_02_31\packages\ti\targets\rts2800\lib\</path>
         <kind>archive</kind>
         <file>ti.targets.rts2800.a28FP</file>
         <name>Core-label.o28FP</name>
      </input_file>
      <input_file id="fl-28">
         <path>C:\CCStudio_v8\tirtos_c2000_2_16_01_14\products\bios_6_45_02_31\packages\ti\targets\rts2800\lib\</path>
         <kind>archive</kind>
         <file>ti.targets.rts2800.a28FP</file>
         <name>Core-params.o28FP</name>
      </input_file>
      <input_file id="fl-29">
         <path>C:\CCStudio_v8\tirtos_c2000_2_16_01_14\products\bios_6_45_02_31\packages\ti\targets\rts2800\lib\</path>
         <kind>archive</kind>
         <file>ti.targets.rts2800.a28FP</file>
         <name>Error.o28FP</name>
      </input_file>
      <input_file id="fl-2a">
         <path>C:\CCStudio_v8\tirtos_c2000_2_16_01_14\products\bios_6_45_02_31\packages\ti\targets\rts2800\lib\</path>
         <kind>archive</kind>
         <file>ti.targets.rts2800.a28FP</file>
         <name>Gate.o28FP</name>
      </input_file>
      <input_file id="fl-2b">
         <path>C:\CCStudio_v8\tirtos_c2000_2_16_01_14\products\bios_6_45_02_31\packages\ti\targets\rts2800\lib\</path>
         <kind>archive</kind>
         <file>ti.targets.rts2800.a28FP</file>
         <name>LoggerBuf.o28FP</name>
      </input_file>
      <input_file id="fl-2c">
         <path>C:\CCStudio_v8\tirtos_c2000_2_16_01_14\products\bios_6_45_02_31\packages\ti\targets\rts2800\lib\</path>
         <kind>archive</kind>
         <file>ti.targets.rts2800.a28FP</file>
         <name>Memory.o28FP</name>
      </input_file>
      <input_file id="fl-2d">
         <path>C:\CCStudio_v8\tirtos_c2000_2_16_01_14\products\bios_6_45_02_31\packages\ti\targets\rts2800\lib\</path>
         <kind>archive</kind>
         <file>ti.targets.rts2800.a28FP</file>
         <name>Startup.o28FP</name>
      </input_file>
      <input_file id="fl-2e">
         <path>C:\CCStudio_v8\tirtos_c2000_2_16_01_14\products\bios_6_45_02_31\packages\ti\targets\rts2800\lib\</path>
         <kind>archive</kind>
         <file>ti.targets.rts2800.a28FP</file>
         <name>System.o28FP</name>
      </input_file>
      <input_file id="fl-2f">
         <path>C:\CCStudio_v8\tirtos_c2000_2_16_01_14\products\bios_6_45_02_31\packages\ti\targets\rts2800\lib\</path>
         <kind>archive</kind>
         <file>ti.targets.rts2800.a28FP</file>
         <name>SysMin.o28FP</name>
      </input_file>
      <input_file id="fl-30">
         <path>C:\CCStudio_v8\tirtos_c2000_2_16_01_14\products\bios_6_45_02_31\packages\ti\targets\rts2800\lib\</path>
         <kind>archive</kind>
         <file>ti.targets.rts2800.a28FP</file>
         <name>Text.o28FP</name>
      </input_file>
      <input_file id="fl-31">
         <path>C:\CCStudio_v8\tirtos_c2000_2_16_01_14\products\bios_6_45_02_31\packages\ti\targets\rts2800\lib\</path>
         <kind>archive</kind>
         <file>ti.targets.rts2800.a28FP</file>
         <name>xdc_noinit.o28FP</name>
      </input_file>
      <input_file id="fl-32">
         <path>C:\CCStudio_v8\tirtos_c2000_2_16_01_14\products\bios_6_45_02_31\packages\ti\targets\rts2800\lib\</path>
         <kind>archive</kind>
         <file>ti.targets.rts2800.a28FP</file>
         <name>Log.o28FP</name>
      </input_file>
      <input_file id="fl-33">
         <path>C:\CCStudio_v8\tirtos_c2000_2_16_01_14\products\bios_6_45_02_31\packages\ti\targets\rts2800\lib\</path>
         <kind>archive</kind>
         <file>ti.targets.rts2800.a28FP</file>
         <name>Registry.o28FP</name>
      </input_file>
      <input_file id="fl-34">
         <path>C:\CCStudio_v8\tirtos_c2000_2_16_01_14\products\bios_6_45_02_31\packages\ti\targets\rts2800\lib\</path>
         <kind>archive</kind>
         <file>boot.a28FP</file>
         <name>boot_cg.o28FP</name>
      </input_file>
      <input_file id="fl-35">
         <path>C:\CCStudio_v8\tirtos_c2000_2_16_01_14\products\bios_6_45_02_31\packages\ti\catalog\c2800\initF2837x\lib\</path>
         <kind>archive</kind>
         <file>Boot.a28FP</file>
         <name>Boot.o28FP</name>
      </input_file>
      <input_file id="fl-41">
         <path>C:\CCStudio_v8\ccsv8\tools\compiler\ti-cgt-c2000_17.6.0.STS\lib\</path>
         <kind>archive</kind>
         <file>rts2800_fpu32.lib</file>
         <name>fd_add28.obj</name>
      </input_file>
      <input_file id="fl-42">
         <path>C:\CCStudio_v8\ccsv8\tools\compiler\ti-cgt-c2000_17.6.0.STS\lib\</path>
         <kind>archive</kind>
         <file>rts2800_fpu32.lib</file>
         <name>fd_cmp28.obj</name>
      </input_file>
      <input_file id="fl-43">
         <path>C:\CCStudio_v8\ccsv8\tools\compiler\ti-cgt-c2000_17.6.0.STS\lib\</path>
         <kind>archive</kind>
         <file>rts2800_fpu32.lib</file>
         <name>fd_div28.obj</name>
      </input_file>
      <input_file id="fl-44">
         <path>C:\CCStudio_v8\ccsv8\tools\compiler\ti-cgt-c2000_17.6.0.STS\lib\</path>
         <kind>archive</kind>
         <file>rts2800_fpu32.lib</file>
         <name>fd_mpy28.obj</name>
      </input_file>
      <input_file id="fl-45">
         <path>C:\CCStudio_v8\ccsv8\tools\compiler\ti-cgt-c2000_17.6.0.STS\lib\</path>
         <kind>archive</kind>
         <file>rts2800_fpu32.lib</file>
         <name>fd_neg28.obj</name>
      </input_file>
      <input_file id="fl-46">
         <path>C:\CCStudio_v8\ccsv8\tools\compiler\ti-cgt-c2000_17.6.0.STS\lib\</path>
         <kind>archive</kind>
         <file>rts2800_fpu32.lib</file>
         <name>fd_sub28.obj</name>
      </input_file>
      <input_file id="fl-47">
         <path>C:\CCStudio_v8\ccsv8\tools\compiler\ti-cgt-c2000_17.6.0.STS\lib\</path>
         <kind>archive</kind>
         <file>rts2800_fpu32.lib</file>
         <name>fd_tol28.obj</name>
      </input_file>
      <input_file id="fl-48">
         <path>C:\CCStudio_v8\ccsv8\tools\compiler\ti-cgt-c2000_17.6.0.STS\lib\</path>
         <kind>archive</kind>
         <file>rts2800_fpu32.lib</file>
         <name>fs_div28.obj</name>
      </input_file>
      <input_file id="fl-49">
         <path>C:\CCStudio_v8\ccsv8\tools\compiler\ti-cgt-c2000_17.6.0.STS\lib\</path>
         <kind>archive</kind>
         <file>rts2800_fpu32.lib</file>
         <name>ll_div28.obj</name>
      </input_file>
      <input_file id="fl-4a">
         <path>C:\CCStudio_v8\ccsv8\tools\compiler\ti-cgt-c2000_17.6.0.STS\lib\</path>
         <kind>archive</kind>
         <file>rts2800_fpu32.lib</file>
         <name>i_div28.obj</name>
      </input_file>
      <input_file id="fl-4b">
         <path>C:\CCStudio_v8\ccsv8\tools\compiler\ti-cgt-c2000_17.6.0.STS\lib\</path>
         <kind>archive</kind>
         <file>rts2800_fpu32.lib</file>
         <name>u_div28.obj</name>
      </input_file>
      <input_file id="fl-4c">
         <path>C:\CCStudio_v8\ccsv8\tools\compiler\ti-cgt-c2000_17.6.0.STS\lib\</path>
         <kind>archive</kind>
         <file>rts2800_fpu32.lib</file>
         <name>l_div28.obj</name>
      </input_file>
      <input_file id="fl-4d">
         <path>C:\CCStudio_v8\ccsv8\tools\compiler\ti-cgt-c2000_17.6.0.STS\lib\</path>
         <kind>archive</kind>
         <file>rts2800_fpu32.lib</file>
         <name>fs_tofdfpu32.obj</name>
      </input_file>
      <input_file id="fl-4e">
         <path>C:\CCStudio_v8\ccsv8\tools\compiler\ti-cgt-c2000_17.6.0.STS\lib\</path>
         <kind>archive</kind>
         <file>rts2800_fpu32.lib</file>
         <name>fd_tofsfpu32.obj</name>
      </input_file>
      <input_file id="fl-4f">
         <path>C:\CCStudio_v8\ccsv8\tools\compiler\ti-cgt-c2000_17.6.0.STS\lib\</path>
         <kind>archive</kind>
         <file>rts2800_fpu32.lib</file>
         <name>cpy_tbl.obj</name>
      </input_file>
      <input_file id="fl-50">
         <path>C:\CCStudio_v8\ccsv8\tools\compiler\ti-cgt-c2000_17.6.0.STS\lib\</path>
         <kind>archive</kind>
         <file>rts2800_fpu32.lib</file>
         <name>memcpy.obj</name>
      </input_file>
      <input_file id="fl-51">
         <path>C:\CCStudio_v8\ccsv8\tools\compiler\ti-cgt-c2000_17.6.0.STS\lib\</path>
         <kind>archive</kind>
         <file>rts2800_fpu32.lib</file>
         <name>exit.obj</name>
      </input_file>
      <input_file id="fl-52">
         <path>C:\CCStudio_v8\ccsv8\tools\compiler\ti-cgt-c2000_17.6.0.STS\lib\</path>
         <kind>archive</kind>
         <file>rts2800_fpu32.lib</file>
         <name>_lock.obj</name>
      </input_file>
      <input_file id="fl-53">
         <path>C:\CCStudio_v8\ccsv8\tools\compiler\ti-cgt-c2000_17.6.0.STS\lib\</path>
         <kind>archive</kind>
         <file>rts2800_fpu32.lib</file>
         <name>args_main.obj</name>
      </input_file>
      <input_file id="fl-54">
         <path>C:\CCStudio_v8\ccsv8\tools\compiler\ti-cgt-c2000_17.6.0.STS\lib\</path>
         <kind>archive</kind>
         <file>rts2800_fpu32.lib</file>
         <name>memset.obj</name>
      </input_file>
      <input_file id="fl-55">
         <path>C:\CCStudio_v8\ccsv8\tools\compiler\ti-cgt-c2000_17.6.0.STS\lib\</path>
         <kind>archive</kind>
         <file>rts2800_fpu32.lib</file>
         <name>strcmp.obj</name>
      </input_file>
      <input_file id="fl-56">
         <path>C:\CCStudio_v8\ccsv8\tools\compiler\ti-cgt-c2000_17.6.0.STS\lib\</path>
         <kind>archive</kind>
         <file>rts2800_fpu32.lib</file>
         <name>strlen.obj</name>
      </input_file>
      <input_file id="fl-57">
         <path>C:\CCStudio_v8\ccsv8\tools\compiler\ti-cgt-c2000_17.6.0.STS\lib\</path>
         <kind>archive</kind>
         <file>rts2800_fpu32.lib</file>
         <name>hostwrite.obj</name>
      </input_file>
      <input_file id="fl-58">
         <path>C:\CCStudio_v8\ccsv8\tools\compiler\ti-cgt-c2000_17.6.0.STS\lib\</path>
         <kind>archive</kind>
         <file>rts2800_fpu32.lib</file>
         <name>trgmsg.obj</name>
      </input_file>
      <input_file id="fl-59">
         <path>C:\CCStudio_v8\ccsv8\tools\compiler\ti-cgt-c2000_17.6.0.STS\lib\</path>
         <kind>archive</kind>
         <file>rts2800_fpu32.lib</file>
         <name>vsprintf.obj</name>
      </input_file>
      <input_file id="fl-5a">
         <path>C:\CCStudio_v8\ccsv8\tools\compiler\ti-cgt-c2000_17.6.0.STS\lib\</path>
         <kind>archive</kind>
         <file>rts2800_fpu32.lib</file>
         <name>_printfi.obj</name>
      </input_file>
      <input_file id="fl-5b">
         <path>C:\CCStudio_v8\ccsv8\tools\compiler\ti-cgt-c2000_17.6.0.STS\lib\</path>
         <kind>archive</kind>
         <file>rts2800_fpu32.lib</file>
         <name>atoi.obj</name>
      </input_file>
      <input_file id="fl-5c">
         <path>C:\CCStudio_v8\ccsv8\tools\compiler\ti-cgt-c2000_17.6.0.STS\lib\</path>
         <kind>archive</kind>
         <file>rts2800_fpu32.lib</file>
         <name>ctype.obj</name>
      </input_file>
      <input_file id="fl-5d">
         <path>C:\CCStudio_v8\ccsv8\tools\compiler\ti-cgt-c2000_17.6.0.STS\lib\</path>
         <kind>archive</kind>
         <file>rts2800_fpu32.lib</file>
         <name>ltoa.obj</name>
      </input_file>
      <input_file id="fl-5e">
         <path>C:\CCStudio_v8\ccsv8\tools\compiler\ti-cgt-c2000_17.6.0.STS\lib\</path>
         <kind>archive</kind>
         <file>rts2800_fpu32.lib</file>
         <name>memccpy.obj</name>
      </input_file>
      <input_file id="fl-5f">
         <path>C:\CCStudio_v8\ccsv8\tools\compiler\ti-cgt-c2000_17.6.0.STS\lib\</path>
         <kind>archive</kind>
         <file>rts2800_fpu32.lib</file>
         <name>strchr.obj</name>
      </input_file>
      <input_file id="fl-60">
         <path>C:\CCStudio_v8\ccsv8\tools\compiler\ti-cgt-c2000_17.6.0.STS\lib\</path>
         <kind>archive</kind>
         <file>rts2800_fpu32.lib</file>
         <name>strcpy.obj</name>
      </input_file>
      <input_file id="fl-61">
         <path>C:\CCStudio_v8\ccsv8\tools\compiler\ti-cgt-c2000_17.6.0.STS\lib\</path>
         <kind>archive</kind>
         <file>rts2800_fpu32.lib</file>
         <name>hostopen.obj</name>
      </input_file>
      <input_file id="fl-62">
         <path>C:\CCStudio_v8\ccsv8\tools\compiler\ti-cgt-c2000_17.6.0.STS\lib\</path>
         <kind>archive</kind>
         <file>rts2800_fpu32.lib</file>
         <name>s_frexp.obj</name>
      </input_file>
      <input_file id="fl-63">
         <path>C:\CCStudio_v8\ccsv8\tools\compiler\ti-cgt-c2000_17.6.0.STS\lib\</path>
         <kind>archive</kind>
         <file>rts2800_fpu32.lib</file>
         <name>s_scalbn.obj</name>
      </input_file>
      <input_file id="fl-64">
         <path>C:\CCStudio_v8\ccsv8\tools\compiler\ti-cgt-c2000_17.6.0.STS\lib\</path>
         <kind>archive</kind>
         <file>rts2800_fpu32.lib</file>
         <name>fd_toi28.obj</name>
      </input_file>
      <input_file id="fl-65">
         <path>C:\CCStudio_v8\ccsv8\tools\compiler\ti-cgt-c2000_17.6.0.STS\lib\</path>
         <kind>archive</kind>
         <file>rts2800_fpu32.lib</file>
         <name>ll_aox28.obj</name>
      </input_file>
      <input_file id="fl-66">
         <path>C:\CCStudio_v8\ccsv8\tools\compiler\ti-cgt-c2000_17.6.0.STS\lib\</path>
         <kind>archive</kind>
         <file>rts2800_fpu32.lib</file>
         <name>ll_cmp28.obj</name>
      </input_file>
      <input_file id="fl-67">
         <path>C:\CCStudio_v8\ccsv8\tools\compiler\ti-cgt-c2000_17.6.0.STS\lib\</path>
         <kind>archive</kind>
         <file>rts2800_fpu32.lib</file>
         <name>i_tofd28.obj</name>
      </input_file>
      <input_file id="fl-68">
         <path>C:\CCStudio_v8\ccsv8\tools\compiler\ti-cgt-c2000_17.6.0.STS\lib\</path>
         <kind>archive</kind>
         <file>rts2800_fpu32.lib</file>
         <name>l_tofd28.obj</name>
      </input_file>
      <input_file id="fl-69">
         <path>C:\CCStudio_v8\ccsv8\tools\compiler\ti-cgt-c2000_17.6.0.STS\lib\</path>
         <kind>archive</kind>
         <file>rts2800_fpu32.lib</file>
         <name>errno.obj</name>
      </input_file>
      <input_file id="fl-6a">
         <path>C:\CCStudio_v8\ccsv8\tools\compiler\ti-cgt-c2000_17.6.0.STS\lib\</path>
         <kind>archive</kind>
         <file>rts2800_fpu32.lib</file>
         <name>s_copysign.obj</name>
      </input_file>
   </input_file_list>
   <object_component_list>
      <object_component id="oc-3ae">
         <name>.text:ti_catalog_c2800_initF2837x_flashfuncs:_ti_catalog_c2800_initF2837x_Boot_initFlash</name>
         <load_address>0x801be</load_address>
         <run_address>0xb000</run_address>
         <size>0x27</size>
         <input_file_ref idref="fl-35"/>
      </object_component>
      <object_component id="oc-13c">
         <name>xdc.meta</name>
         <load_address>0x0</load_address>
         <run_address>0x0</run_address>
         <size>0x11b</size>
         <input_file_ref idref="fl-13"/>
      </object_component>
      <object_component id="oc-139">
         <name>.cinit</name>
         <load_address>0x801e5</load_address>
         <run_address>0x801e5</run_address>
         <size>0x4aa</size>
         <input_file_ref idref="fl-13"/>
      </object_component>
      <object_component id="oc-12f">
         <name>.cinit</name>
         <load_address>0x8068f</load_address>
         <run_address>0x8068f</run_address>
         <size>0x17c</size>
         <input_file_ref idref="fl-11"/>
      </object_component>
      <object_component id="oc-20a">
         <name>.cinit</name>
         <load_address>0x8080b</load_address>
         <run_address>0x8080b</run_address>
         <size>0xe</size>
         <input_file_ref idref="fl-51"/>
      </object_component>
      <object_component id="oc-322">
         <name>.cinit:__lock</name>
         <load_address>0x80819</load_address>
         <run_address>0x80819</run_address>
         <size>0x5</size>
         <input_file_ref idref="fl-52"/>
      </object_component>
      <object_component id="oc-321">
         <name>.cinit:__unlock</name>
         <load_address>0x8081e</load_address>
         <run_address>0x8081e</run_address>
         <size>0x5</size>
         <input_file_ref idref="fl-52"/>
      </object_component>
      <object_component id="oc-287">
         <name>.cinit</name>
         <load_address>0x80823</load_address>
         <run_address>0x80823</run_address>
         <size>0x4</size>
         <input_file_ref idref="fl-69"/>
      </object_component>
      <object_component id="oc-46c">
         <name>.binit</name>
         <load_address>0x80848</load_address>
         <run_address>0x80848</run_address>
         <size>0xa</size>
      </object_component>
      <object_component id="oc-39f">
         <name>.text</name>
         <load_address>0x88000</load_address>
         <run_address>0x88000</run_address>
         <size>0xc16</size>
         <input_file_ref idref="fl-5a"/>
      </object_component>
      <object_component id="oc-29f">
         <name>.text</name>
         <load_address>0x88c16</load_address>
         <run_address>0x88c16</run_address>
         <size>0x79f</size>
         <input_file_ref idref="fl-11"/>
      </object_component>
      <object_component id="oc-2e2">
         <name>.text</name>
         <load_address>0x893b5</load_address>
         <run_address>0x893b5</run_address>
         <size>0x2af</size>
         <input_file_ref idref="fl-f"/>
      </object_component>
      <object_component id="oc-2de">
         <name>.text</name>
         <load_address>0x89664</load_address>
         <run_address>0x89664</run_address>
         <size>0x299</size>
         <input_file_ref idref="fl-8"/>
      </object_component>
      <object_component id="oc-448">
         <name>.text:_xdc_runtime_System_doPrint__I</name>
         <load_address>0x898fd</load_address>
         <run_address>0x898fd</run_address>
         <size>0x252</size>
         <input_file_ref idref="fl-2e"/>
      </object_component>
      <object_component id="oc-2df">
         <name>.text</name>
         <load_address>0x89b4f</load_address>
         <run_address>0x89b4f</run_address>
         <size>0x244</size>
         <input_file_ref idref="fl-6"/>
      </object_component>
      <object_component id="oc-33d">
         <name>.text:_ti_sysbios_knl_Semaphore_pend__E</name>
         <load_address>0x89d93</load_address>
         <run_address>0x89d93</run_address>
         <size>0x1da</size>
         <input_file_ref idref="fl-1f"/>
      </object_component>
      <object_component id="oc-2b5">
         <name>.text:_ti_sysbios_heaps_HeapMem_free__E</name>
         <load_address>0x89f6d</load_address>
         <run_address>0x89f6d</run_address>
         <size>0x1ba</size>
         <input_file_ref idref="fl-1f"/>
      </object_component>
      <object_component id="oc-2b4">
         <name>.text:_ti_sysbios_heaps_HeapMem_alloc__E</name>
         <load_address>0x8a127</load_address>
         <run_address>0x8a127</run_address>
         <size>0x1b3</size>
         <input_file_ref idref="fl-1f"/>
      </object_component>
      <object_component id="oc-2e3">
         <name>.text</name>
         <load_address>0x8a2da</load_address>
         <run_address>0x8a2da</run_address>
         <size>0x165</size>
         <input_file_ref idref="fl-10"/>
      </object_component>
      <object_component id="oc-2dc">
         <name>.text</name>
         <load_address>0x8a43f</load_address>
         <run_address>0x8a43f</run_address>
         <size>0x11f</size>
         <input_file_ref idref="fl-d"/>
      </object_component>
      <object_component id="oc-2e0">
         <name>.text</name>
         <load_address>0x8a55e</load_address>
         <run_address>0x8a55e</run_address>
         <size>0x117</size>
         <input_file_ref idref="fl-e"/>
      </object_component>
      <object_component id="oc-45e">
         <name>.text:_xdc_runtime_System_printfExtend__I</name>
         <load_address>0x8a675</load_address>
         <run_address>0x8a675</run_address>
         <size>0x10a</size>
         <input_file_ref idref="fl-13"/>
      </object_component>
      <object_component id="oc-1e1">
         <name>.text</name>
         <load_address>0x8a77f</load_address>
         <run_address>0x8a77f</run_address>
         <size>0x107</size>
         <input_file_ref idref="fl-49"/>
      </object_component>
      <object_component id="oc-2e1">
         <name>.text</name>
         <load_address>0x8a886</load_address>
         <run_address>0x8a886</run_address>
         <size>0xfd</size>
         <input_file_ref idref="fl-4"/>
      </object_component>
      <object_component id="oc-30e">
         <name>.text:_ti_sysbios_heaps_HeapMem_Instance_init__E</name>
         <load_address>0x8a983</load_address>
         <run_address>0x8a983</run_address>
         <size>0xed</size>
         <input_file_ref idref="fl-1f"/>
      </object_component>
      <object_component id="oc-375">
         <name>.text:_ti_sysbios_family_c28_Hwi_clearInterrupt__E</name>
         <load_address>0x8aa70</load_address>
         <run_address>0x8aa70</run_address>
         <size>0xe0</size>
         <input_file_ref idref="fl-1f"/>
      </object_component>
      <object_component id="oc-348">
         <name>.text</name>
         <load_address>0x8ab50</load_address>
         <run_address>0x8ab50</run_address>
         <size>0xdd</size>
         <input_file_ref idref="fl-2"/>
      </object_component>
      <object_component id="oc-2c2">
         <name>.text:_xdc_runtime_LoggerBuf_write8__E</name>
         <load_address>0x8ac2d</load_address>
         <run_address>0x8ac2d</run_address>
         <size>0xd2</size>
         <input_file_ref idref="fl-2b"/>
      </object_component>
      <object_component id="oc-2fc">
         <name>.text:_xdc_runtime_Core_createObject__I</name>
         <load_address>0x8acff</load_address>
         <run_address>0x8acff</run_address>
         <size>0xc3</size>
         <input_file_ref idref="fl-25"/>
      </object_component>
      <object_component id="oc-460">
         <name>.text:_ti_sysbios_family_c28_Hwi_dispatchCore__I</name>
         <load_address>0x8adc2</load_address>
         <run_address>0x8adc2</run_address>
         <size>0xc0</size>
         <input_file_ref idref="fl-1f"/>
      </object_component>
      <object_component id="oc-3dc">
         <name>.text</name>
         <load_address>0x8ae82</load_address>
         <run_address>0x8ae82</run_address>
         <size>0xc0</size>
         <input_file_ref idref="fl-63"/>
      </object_component>
      <object_component id="oc-33e">
         <name>.text:_ti_sysbios_knl_Semaphore_post__E</name>
         <load_address>0x8af42</load_address>
         <run_address>0x8af42</run_address>
         <size>0xb8</size>
         <input_file_ref idref="fl-1f"/>
      </object_component>
      <object_component id="oc-2a0">
         <name>.text:_ti_sysbios_knl_Clock_workFunc__E</name>
         <load_address>0x8affa</load_address>
         <run_address>0x8affa</run_address>
         <size>0xb6</size>
         <input_file_ref idref="fl-1f"/>
      </object_component>
      <object_component id="oc-3cf">
         <name>.text:_ti_sysbios_knl_Swi_run__I</name>
         <load_address>0x8b0b0</load_address>
         <run_address>0x8b0b0</run_address>
         <size>0xaf</size>
         <input_file_ref idref="fl-1f"/>
      </object_component>
      <object_component id="oc-3d5">
         <name>.text:_xdc_runtime_Core_constructObject__I</name>
         <load_address>0x8b15f</load_address>
         <run_address>0x8b15f</run_address>
         <size>0x9c</size>
         <input_file_ref idref="fl-26"/>
      </object_component>
      <object_component id="oc-349">
         <name>.text:_xdc_runtime_Error_policyDefault__E</name>
         <load_address>0x8b1fb</load_address>
         <run_address>0x8b1fb</run_address>
         <size>0x9c</size>
         <input_file_ref idref="fl-29"/>
      </object_component>
      <object_component id="oc-1b9">
         <name>.text</name>
         <load_address>0x8b297</load_address>
         <run_address>0x8b297</run_address>
         <size>0x9c</size>
         <input_file_ref idref="fl-41"/>
      </object_component>
      <object_component id="oc-42e">
         <name>.text:_ti_sysbios_family_c28_Hwi_dispatch</name>
         <load_address>0x8b333</load_address>
         <run_address>0x8b333</run_address>
         <size>0x9b</size>
         <input_file_ref idref="fl-21"/>
      </object_component>
      <object_component id="oc-428">
         <name>.text</name>
         <load_address>0x8b3ce</load_address>
         <run_address>0x8b3ce</run_address>
         <size>0x94</size>
         <input_file_ref idref="fl-58"/>
      </object_component>
      <object_component id="oc-376">
         <name>.text:_ti_sysbios_family_c28_Hwi_enableInterrupt__E</name>
         <load_address>0x8b462</load_address>
         <run_address>0x8b462</run_address>
         <size>0x8e</size>
         <input_file_ref idref="fl-1f"/>
      </object_component>
      <object_component id="oc-2c1">
         <name>.text:_xdc_runtime_LoggerBuf_write4__E</name>
         <load_address>0x8b4f0</load_address>
         <run_address>0x8b4f0</run_address>
         <size>0x8b</size>
         <input_file_ref idref="fl-2b"/>
      </object_component>
      <object_component id="oc-1c3">
         <name>.text</name>
         <load_address>0x8b57b</load_address>
         <run_address>0x8b57b</run_address>
         <size>0x8b</size>
         <input_file_ref idref="fl-43"/>
      </object_component>
      <object_component id="oc-1dc">
         <name>.text</name>
         <load_address>0x8b606</load_address>
         <run_address>0x8b606</run_address>
         <size>0x88</size>
         <input_file_ref idref="fl-48"/>
      </object_component>
      <object_component id="oc-1c8">
         <name>.text</name>
         <load_address>0x8b68e</load_address>
         <run_address>0x8b68e</run_address>
         <size>0x83</size>
         <input_file_ref idref="fl-44"/>
      </object_component>
      <object_component id="oc-2e5">
         <name>.text</name>
         <load_address>0x8b711</load_address>
         <run_address>0x8b711</run_address>
         <size>0x82</size>
         <input_file_ref idref="fl-c"/>
      </object_component>
      <object_component id="oc-44a">
         <name>.text:_ti_sysbios_family_c28_Hwi_disableInterrupt__E</name>
         <load_address>0x8b793</load_address>
         <run_address>0x8b793</run_address>
         <size>0x81</size>
         <input_file_ref idref="fl-1f"/>
      </object_component>
      <object_component id="oc-3c5">
         <name>.text:_ti_sysbios_family_c28_Hwi_disablePIEIER__E</name>
         <load_address>0x8b814</load_address>
         <run_address>0x8b814</run_address>
         <size>0x7e</size>
         <input_file_ref idref="fl-1f"/>
      </object_component>
      <object_component id="oc-3c4">
         <name>.text:_ti_sysbios_family_c28_Hwi_enablePIEIER__E</name>
         <load_address>0x8b892</load_address>
         <run_address>0x8b892</run_address>
         <size>0x7d</size>
         <input_file_ref idref="fl-1f"/>
      </object_component>
      <object_component id="oc-3b0">
         <name>.text:_xdc_runtime_Startup_startMods__I</name>
         <load_address>0x8b90f</load_address>
         <run_address>0x8b90f</run_address>
         <size>0x7d</size>
         <input_file_ref idref="fl-2d"/>
      </object_component>
      <object_component id="oc-2e4">
         <name>.text</name>
         <load_address>0x8b98c</load_address>
         <run_address>0x8b98c</run_address>
         <size>0x76</size>
         <input_file_ref idref="fl-a"/>
      </object_component>
      <object_component id="oc-37b">
         <name>.text:_ti_sysbios_knl_Task_checkStacks__E</name>
         <load_address>0x8ba02</load_address>
         <run_address>0x8ba02</run_address>
         <size>0x73</size>
         <input_file_ref idref="fl-1f"/>
      </object_component>
      <object_component id="oc-32b">
         <name>.text:_ti_sysbios_knl_Task_startCore__E</name>
         <load_address>0x8ba75</load_address>
         <run_address>0x8ba75</run_address>
         <size>0x71</size>
         <input_file_ref idref="fl-1f"/>
      </object_component>
      <object_component id="oc-2d6">
         <name>.text:_ti_sysbios_gates_GateMutex_enter__E</name>
         <load_address>0x8bae6</load_address>
         <run_address>0x8bae6</run_address>
         <size>0x70</size>
         <input_file_ref idref="fl-1f"/>
      </object_component>
      <object_component id="oc-411">
         <name>.text:_xdc_runtime_Text_putSite__E</name>
         <load_address>0x8bb56</load_address>
         <run_address>0x8bb56</run_address>
         <size>0x6f</size>
         <input_file_ref idref="fl-30"/>
      </object_component>
      <object_component id="oc-3c8">
         <name>.text:_ti_sysbios_knl_Task_schedule__I</name>
         <load_address>0x8bbc5</load_address>
         <run_address>0x8bbc5</run_address>
         <size>0x6e</size>
         <input_file_ref idref="fl-1f"/>
      </object_component>
      <object_component id="oc-3d6">
         <name>.text:_ti_sysbios_knl_Semaphore_Instance_init__E</name>
         <load_address>0x8bc33</load_address>
         <run_address>0x8bc33</run_address>
         <size>0x6a</size>
         <input_file_ref idref="fl-1f"/>
      </object_component>
      <object_component id="oc-430">
         <name>.text:_ti_sysbios_family_c28_Timer_stopAndClear__I</name>
         <load_address>0x8bc9d</load_address>
         <run_address>0x8bc9d</run_address>
         <size>0x66</size>
         <input_file_ref idref="fl-1f"/>
      </object_component>
      <object_component id="oc-84">
         <name>.text</name>
         <load_address>0x8bd03</load_address>
         <run_address>0x8bd03</run_address>
         <size>0x63</size>
         <input_file_ref idref="fl-34"/>
      </object_component>
      <object_component id="oc-2d4">
         <name>.text:_ti_sysbios_knl_Swi_post__E</name>
         <load_address>0x8bd66</load_address>
         <run_address>0x8bd66</run_address>
         <size>0x60</size>
         <input_file_ref idref="fl-1f"/>
      </object_component>
      <object_component id="oc-396">
         <name>.text:_ti_sysbios_knl_Task_blockI__E</name>
         <load_address>0x8bdc6</load_address>
         <run_address>0x8bdc6</run_address>
         <size>0x60</size>
         <input_file_ref idref="fl-1f"/>
      </object_component>
      <object_component id="oc-3db">
         <name>.text</name>
         <load_address>0x8be26</load_address>
         <run_address>0x8be26</run_address>
         <size>0x5a</size>
         <input_file_ref idref="fl-62"/>
      </object_component>
      <object_component id="oc-43a">
         <name>.text:_ti_sysbios_knl_Task_exit__E</name>
         <load_address>0x8be80</load_address>
         <run_address>0x8be80</run_address>
         <size>0x57</size>
         <input_file_ref idref="fl-1f"/>
      </object_component>
      <object_component id="oc-369">
         <name>.text:_xdc_runtime_Memory_alloc__E</name>
         <load_address>0x8bed7</load_address>
         <run_address>0x8bed7</run_address>
         <size>0x57</size>
         <input_file_ref idref="fl-2c"/>
      </object_component>
      <object_component id="oc-399">
         <name>.text:_ti_sysbios_knl_Task_unblockI__E</name>
         <load_address>0x8bf2e</load_address>
         <run_address>0x8bf2e</run_address>
         <size>0x51</size>
         <input_file_ref idref="fl-1f"/>
      </object_component>
      <object_component id="oc-464">
         <name>.text:_xdc_runtime_Text_putLab__E</name>
         <load_address>0x8bf7f</load_address>
         <run_address>0x8bf7f</run_address>
         <size>0x4f</size>
         <input_file_ref idref="fl-30"/>
      </object_component>
      <object_component id="oc-425">
         <name>.text:_ti_sysbios_knl_Task_postInit__I</name>
         <load_address>0x8bfce</load_address>
         <run_address>0x8bfce</run_address>
         <size>0x4b</size>
         <input_file_ref idref="fl-1f"/>
      </object_component>
      <object_component id="oc-406">
         <name>.text:_ti_sysbios_family_c28_Hwi_Module_startup__E</name>
         <load_address>0x8c019</load_address>
         <run_address>0x8c019</run_address>
         <size>0x47</size>
         <input_file_ref idref="fl-1f"/>
      </object_component>
      <object_component id="oc-2fe">
         <name>.text:_xdc_runtime_Core_deleteObject__I</name>
         <load_address>0x8c060</load_address>
         <run_address>0x8c060</run_address>
         <size>0x46</size>
         <input_file_ref idref="fl-25"/>
      </object_component>
      <object_component id="oc-2f3">
         <name>.text:.bootCodeSection:_ti_catalog_c2800_initF2837x_Boot_configurePllDivs</name>
         <load_address>0x8c0a6</load_address>
         <run_address>0x8c0a6</run_address>
         <size>0x45</size>
         <input_file_ref idref="fl-35"/>
      </object_component>
      <object_component id="oc-419">
         <name>.text:_ti_sysbios_family_c28_Timer_postInit__I</name>
         <load_address>0x8c0eb</load_address>
         <run_address>0x8c0eb</run_address>
         <size>0x43</size>
         <input_file_ref idref="fl-1f"/>
      </object_component>
      <object_component id="oc-144">
         <name>.text:_ti_sysbios_family_c28_Hwi_unPluggedInterrupt__I</name>
         <load_address>0x8c12e</load_address>
         <run_address>0x8c12e</run_address>
         <size>0x42</size>
         <input_file_ref idref="fl-1f"/>
      </object_component>
      <object_component id="oc-455">
         <name>.text:_xdc_runtime_System_formatNum__I</name>
         <load_address>0x8c170</load_address>
         <run_address>0x8c170</run_address>
         <size>0x3f</size>
         <input_file_ref idref="fl-2e"/>
      </object_component>
      <object_component id="oc-46b">
         <name>.text:_ti_sysbios_knl_Swi_restoreHwi__E</name>
         <load_address>0x8c1af</load_address>
         <run_address>0x8c1af</run_address>
         <size>0x3e</size>
         <input_file_ref idref="fl-1f"/>
      </object_component>
      <object_component id="oc-429">
         <name>.text:_xdc_runtime_Text_putMod__E</name>
         <load_address>0x8c1ed</load_address>
         <run_address>0x8c1ed</run_address>
         <size>0x3e</size>
         <input_file_ref idref="fl-30"/>
      </object_component>
      <object_component id="oc-359">
         <name>.text:_xdc_runtime_Core_assignParams__I</name>
         <load_address>0x8c22b</load_address>
         <run_address>0x8c22b</run_address>
         <size>0x3d</size>
         <input_file_ref idref="fl-28"/>
      </object_component>
      <object_component id="oc-2c4">
         <name>.text:_xdc_runtime_LoggerBuf_getFilterLevel__E</name>
         <load_address>0x8c268</load_address>
         <run_address>0x8c268</run_address>
         <size>0x3d</size>
         <input_file_ref idref="fl-2b"/>
      </object_component>
      <object_component id="oc-2c3">
         <name>.text:_xdc_runtime_LoggerBuf_setFilterLevel__E</name>
         <load_address>0x8c2a5</load_address>
         <run_address>0x8c2a5</run_address>
         <size>0x3c</size>
         <input_file_ref idref="fl-2b"/>
      </object_component>
      <object_component id="oc-44e">
         <name>.text:_ti_sysbios_family_c28_TaskSupport_start__E</name>
         <load_address>0x8c2e1</load_address>
         <run_address>0x8c2e1</run_address>
         <size>0x3a</size>
         <input_file_ref idref="fl-1f"/>
      </object_component>
      <object_component id="oc-2c5">
         <name>.text:_xdc_runtime_LoggerBuf_Object__create__S</name>
         <load_address>0x8c31b</load_address>
         <run_address>0x8c31b</run_address>
         <size>0x38</size>
         <input_file_ref idref="fl-13"/>
      </object_component>
      <object_component id="oc-40d">
         <name>.text</name>
         <load_address>0x8c353</load_address>
         <run_address>0x8c353</run_address>
         <size>0x38</size>
         <input_file_ref idref="fl-57"/>
      </object_component>
      <object_component id="oc-2d1">
         <name>.text:_ti_sysbios_knl_Clock_logTick__E</name>
         <load_address>0x8c38b</load_address>
         <run_address>0x8c38b</run_address>
         <size>0x36</size>
         <input_file_ref idref="fl-1f"/>
      </object_component>
      <object_component id="oc-31b">
         <name>.text:_xdc_runtime_LoggerBuf_Instance_init__E</name>
         <load_address>0x8c3c1</load_address>
         <run_address>0x8c3c1</run_address>
         <size>0x36</size>
         <input_file_ref idref="fl-2b"/>
      </object_component>
      <object_component id="oc-326">
         <name>.text:_ti_sysbios_BIOS_rtsUnlock__I</name>
         <load_address>0x8c3f7</load_address>
         <run_address>0x8c3f7</run_address>
         <size>0x34</size>
         <input_file_ref idref="fl-13"/>
      </object_component>
      <object_component id="oc-40b">
         <name>.text:_ti_sysbios_knl_Task_Module_startup__E</name>
         <load_address>0x8c42b</load_address>
         <run_address>0x8c42b</run_address>
         <size>0x32</size>
         <input_file_ref idref="fl-1f"/>
      </object_component>
      <object_component id="oc-305">
         <name>.text:_xdc_runtime_Assert_raise__I</name>
         <load_address>0x8c45d</load_address>
         <run_address>0x8c45d</run_address>
         <size>0x32</size>
         <input_file_ref idref="fl-24"/>
      </object_component>
      <object_component id="oc-45d">
         <name>.text:_xdc_runtime_Text_visitRope2__I</name>
         <load_address>0x8c48f</load_address>
         <run_address>0x8c48f</run_address>
         <size>0x32</size>
         <input_file_ref idref="fl-30"/>
      </object_component>
      <object_component id="oc-291">
         <name>.text:_xdc_runtime_Startup_exec__E</name>
         <load_address>0x8c4c1</load_address>
         <run_address>0x8c4c1</run_address>
         <size>0x31</size>
         <input_file_ref idref="fl-2d"/>
      </object_component>
      <object_component id="oc-3d9">
         <name>.text</name>
         <load_address>0x8c4f2</load_address>
         <run_address>0x8c4f2</run_address>
         <size>0x31</size>
         <input_file_ref idref="fl-5b"/>
      </object_component>
      <object_component id="oc-3a0">
         <name>.text:_xdc_runtime_Error_setX__E</name>
         <load_address>0x8c523</load_address>
         <run_address>0x8c523</run_address>
         <size>0x30</size>
         <input_file_ref idref="fl-29"/>
      </object_component>
      <object_component id="oc-343">
         <name>.text</name>
         <load_address>0x8c553</load_address>
         <run_address>0x8c553</run_address>
         <size>0x30</size>
         <input_file_ref idref="fl-59"/>
      </object_component>
      <object_component id="oc-386">
         <name>.text:_ti_sysbios_knl_Swi_runLoop__I</name>
         <load_address>0x8c583</load_address>
         <run_address>0x8c583</run_address>
         <size>0x2e</size>
         <input_file_ref idref="fl-1f"/>
      </object_component>
      <object_component id="oc-336">
         <name>.text:_ti_sysbios_knl_Swi_schedule__I</name>
         <load_address>0x8c5b1</load_address>
         <run_address>0x8c5b1</run_address>
         <size>0x2e</size>
         <input_file_ref idref="fl-1f"/>
      </object_component>
      <object_component id="oc-401">
         <name>.text:_xdc_runtime_Error_print__E</name>
         <load_address>0x8c5df</load_address>
         <run_address>0x8c5df</run_address>
         <size>0x2e</size>
         <input_file_ref idref="fl-29"/>
      </object_component>
      <object_component id="oc-3da">
         <name>.text</name>
         <load_address>0x8c60d</load_address>
         <run_address>0x8c60d</run_address>
         <size>0x2e</size>
         <input_file_ref idref="fl-5d"/>
      </object_component>
      <object_component id="oc-3e4">
         <name>.text:_ti_sysbios_family_c28_Hwi_getStackInfo__E</name>
         <load_address>0x8c63b</load_address>
         <run_address>0x8c63b</run_address>
         <size>0x2d</size>
         <input_file_ref idref="fl-1f"/>
      </object_component>
      <object_component id="oc-2b7">
         <name>.text:_ti_sysbios_heaps_HeapMem_getStats__E</name>
         <load_address>0x8c668</load_address>
         <run_address>0x8c668</run_address>
         <size>0x2d</size>
         <input_file_ref idref="fl-1f"/>
      </object_component>
      <object_component id="oc-328">
         <name>.text:_ti_sysbios_family_c28_Timer_start__E</name>
         <load_address>0x8c695</load_address>
         <run_address>0x8c695</run_address>
         <size>0x2c</size>
         <input_file_ref idref="fl-1f"/>
      </object_component>
      <object_component id="oc-409">
         <name>.text:_ti_sysbios_knl_Mailbox_Module_startup__E</name>
         <load_address>0x8c6c1</load_address>
         <run_address>0x8c6c1</run_address>
         <size>0x2b</size>
         <input_file_ref idref="fl-1f"/>
      </object_component>
      <object_component id="oc-1be">
         <name>.text</name>
         <load_address>0x8c6ec</load_address>
         <run_address>0x8c6ec</run_address>
         <size>0x2a</size>
         <input_file_ref idref="fl-42"/>
      </object_component>
      <object_component id="oc-1f0">
         <name>.text</name>
         <load_address>0x8c716</load_address>
         <run_address>0x8c716</run_address>
         <size>0x2a</size>
         <input_file_ref idref="fl-4c"/>
      </object_component>
      <object_component id="oc-3b3">
         <name>.text:_xdc_runtime_SysMin_flush__E</name>
         <load_address>0x8c740</load_address>
         <run_address>0x8c740</run_address>
         <size>0x29</size>
         <input_file_ref idref="fl-2f"/>
      </object_component>
      <object_component id="oc-42a">
         <name>.text:_xdc_runtime_Text_xprintf__I</name>
         <load_address>0x8c769</load_address>
         <run_address>0x8c769</run_address>
         <size>0x29</size>
         <input_file_ref idref="fl-30"/>
      </object_component>
      <object_component id="oc-352">
         <name>.text</name>
         <load_address>0x8c792</load_address>
         <run_address>0x8c792</run_address>
         <size>0x29</size>
         <input_file_ref idref="fl-51"/>
      </object_component>
      <object_component id="oc-34b">
         <name>.text:_ti_sysbios_heaps_HeapMem_init__I</name>
         <load_address>0x8c7bb</load_address>
         <run_address>0x8c7bb</run_address>
         <size>0x27</size>
         <input_file_ref idref="fl-1f"/>
      </object_component>
      <object_component id="oc-45c">
         <name>.text:_ti_sysbios_family_c28_TaskSupport_buildTaskStack</name>
         <load_address>0x8c7e2</load_address>
         <run_address>0x8c7e2</run_address>
         <size>0x25</size>
         <input_file_ref idref="fl-23"/>
      </object_component>
      <object_component id="oc-2aa">
         <name>.text:_xdc_runtime_System_processAtExit__E</name>
         <load_address>0x8c807</load_address>
         <run_address>0x8c807</run_address>
         <size>0x24</size>
         <input_file_ref idref="fl-2e"/>
      </object_component>
      <object_component id="oc-290">
         <name>.text</name>
         <load_address>0x8c82b</load_address>
         <run_address>0x8c82b</run_address>
         <size>0x24</size>
         <input_file_ref idref="fl-4f"/>
      </object_component>
      <object_component id="oc-3f7">
         <name>.text</name>
         <load_address>0x8c84f</load_address>
         <run_address>0x8c84f</run_address>
         <size>0x24</size>
         <input_file_ref idref="fl-6a"/>
      </object_component>
      <object_component id="oc-1fa">
         <name>.text</name>
         <load_address>0x8c873</load_address>
         <run_address>0x8c873</run_address>
         <size>0x23</size>
         <input_file_ref idref="fl-4e"/>
      </object_component>
      <object_component id="oc-1e6">
         <name>.text</name>
         <load_address>0x8c896</load_address>
         <run_address>0x8c896</run_address>
         <size>0x22</size>
         <input_file_ref idref="fl-4a"/>
      </object_component>
      <object_component id="oc-379">
         <name>.text:_ti_sysbios_knl_Task_allBlockedFunction__I</name>
         <load_address>0x8c8b8</load_address>
         <run_address>0x8c8b8</run_address>
         <size>0x21</size>
         <input_file_ref idref="fl-1f"/>
      </object_component>
      <object_component id="oc-311">
         <name>.text:_xdc_runtime_LoggerBuf_filterOutEvent__I</name>
         <load_address>0x8c8d9</load_address>
         <run_address>0x8c8d9</run_address>
         <size>0x21</size>
         <input_file_ref idref="fl-2b"/>
      </object_component>
      <object_component id="oc-2c9">
         <name>.text:_xdc_runtime_System_atexit__E</name>
         <load_address>0x8c8fa</load_address>
         <run_address>0x8c8fa</run_address>
         <size>0x21</size>
         <input_file_ref idref="fl-2e"/>
      </object_component>
      <object_component id="oc-26d">
         <name>.text</name>
         <load_address>0x8c91b</load_address>
         <run_address>0x8c91b</run_address>
         <size>0x21</size>
         <input_file_ref idref="fl-64"/>
      </object_component>
      <object_component id="oc-432">
         <name>.text:_ti_sysbios_family_c28_Timer_setPrescale__E</name>
         <load_address>0x8c93c</load_address>
         <run_address>0x8c93c</run_address>
         <size>0x20</size>
         <input_file_ref idref="fl-1f"/>
      </object_component>
      <object_component id="oc-2b0">
         <name>.text:_ti_sysbios_gates_GateHwi_Object__create__S</name>
         <load_address>0x8c95c</load_address>
         <run_address>0x8c95c</run_address>
         <size>0x1f</size>
         <input_file_ref idref="fl-13"/>
      </object_component>
      <object_component id="oc-2d8">
         <name>.text:_ti_sysbios_gates_GateMutex_Object__create__S</name>
         <load_address>0x8c97b</load_address>
         <run_address>0x8c97b</run_address>
         <size>0x1f</size>
         <input_file_ref idref="fl-13"/>
      </object_component>
      <object_component id="oc-2b8">
         <name>.text:_ti_sysbios_heaps_HeapMem_Object__create__S</name>
         <load_address>0x8c99a</load_address>
         <run_address>0x8c99a</run_address>
         <size>0x1f</size>
         <input_file_ref idref="fl-13"/>
      </object_component>
      <object_component id="oc-1d7">
         <name>.text</name>
         <load_address>0x8c9b9</load_address>
         <run_address>0x8c9b9</run_address>
         <size>0x1f</size>
         <input_file_ref idref="fl-47"/>
      </object_component>
      <object_component id="oc-402">
         <name>.text:_xdc_runtime_SysMin_putch__E</name>
         <load_address>0x8c9d8</load_address>
         <run_address>0x8c9d8</run_address>
         <size>0x1e</size>
         <input_file_ref idref="fl-2f"/>
      </object_component>
      <object_component id="oc-277">
         <name>.text</name>
         <load_address>0x8c9f6</load_address>
         <run_address>0x8c9f6</run_address>
         <size>0x1e</size>
         <input_file_ref idref="fl-66"/>
      </object_component>
      <object_component id="oc-2a6">
         <name>.text</name>
         <load_address>0x8ca14</load_address>
         <run_address>0x8ca14</run_address>
         <size>0x1e</size>
         <input_file_ref idref="fl-50"/>
      </object_component>
      <object_component id="oc-3ce">
         <name>.text:_ti_sysbios_family_c28_TaskSupport_swap__E</name>
         <load_address>0x8ca32</load_address>
         <run_address>0x8ca32</run_address>
         <size>0x1d</size>
         <input_file_ref idref="fl-23"/>
      </object_component>
      <object_component id="oc-27c">
         <name>.text</name>
         <load_address>0x8ca4f</load_address>
         <run_address>0x8ca4f</run_address>
         <size>0x1d</size>
         <input_file_ref idref="fl-67"/>
      </object_component>
      <object_component id="oc-3d8">
         <name>.text:_ti_sysbios_hal_Hwi_checkStack</name>
         <load_address>0x8ca6c</load_address>
         <run_address>0x8ca6c</run_address>
         <size>0x1c</size>
         <input_file_ref idref="fl-1f"/>
      </object_component>
      <object_component id="oc-1f5">
         <name>.text</name>
         <load_address>0x8ca88</load_address>
         <run_address>0x8ca88</run_address>
         <size>0x1c</size>
         <input_file_ref idref="fl-4d"/>
      </object_component>
      <object_component id="oc-281">
         <name>.text</name>
         <load_address>0x8caa4</load_address>
         <run_address>0x8caa4</run_address>
         <size>0x1c</size>
         <input_file_ref idref="fl-68"/>
      </object_component>
      <object_component id="oc-457">
         <name>.text:_ti_sysbios_family_c28_Hwi_switchAndDispatch__I</name>
         <load_address>0x8cac0</load_address>
         <run_address>0x8cac0</run_address>
         <size>0x1b</size>
         <input_file_ref idref="fl-20"/>
      </object_component>
      <object_component id="oc-34d">
         <name>.text:_ti_sysbios_hal_Hwi_initStack</name>
         <load_address>0x8cadb</load_address>
         <run_address>0x8cadb</run_address>
         <size>0x1b</size>
         <input_file_ref idref="fl-1f"/>
      </object_component>
      <object_component id="oc-39c">
         <name>.text:_ti_sysbios_knl_Semaphore_construct</name>
         <load_address>0x8caf6</load_address>
         <run_address>0x8caf6</run_address>
         <size>0x1b</size>
         <input_file_ref idref="fl-13"/>
      </object_component>
      <object_component id="oc-44d">
         <name>.text:_ti_sysbios_knl_Task_processVitalTaskFlag__I</name>
         <load_address>0x8cb11</load_address>
         <run_address>0x8cb11</run_address>
         <size>0x1b</size>
         <input_file_ref idref="fl-1f"/>
      </object_component>
      <object_component id="oc-3fd">
         <name>.text:_xdc_runtime_SysMin_output__I</name>
         <load_address>0x8cb2c</load_address>
         <run_address>0x8cb2c</run_address>
         <size>0x1b</size>
         <input_file_ref idref="fl-13"/>
      </object_component>
      <object_component id="oc-391">
         <name>.text:_ti_sysbios_knl_Clock_addI__E</name>
         <load_address>0x8cb47</load_address>
         <run_address>0x8cb47</run_address>
         <size>0x1a</size>
         <input_file_ref idref="fl-1f"/>
      </object_component>
      <object_component id="oc-2ff">
         <name>.text:_xdc_runtime_Core_assignLabel__I</name>
         <load_address>0x8cb61</load_address>
         <run_address>0x8cb61</run_address>
         <size>0x1a</size>
         <input_file_ref idref="fl-27"/>
      </object_component>
      <object_component id="oc-42b">
         <name>.text:_xdc_runtime_System_avprintf__E</name>
         <load_address>0x8cb7b</load_address>
         <run_address>0x8cb7b</run_address>
         <size>0x1a</size>
         <input_file_ref idref="fl-2e"/>
      </object_component>
      <object_component id="oc-456">
         <name>.text:_xdc_runtime_System_putchar__I</name>
         <load_address>0x8cb95</load_address>
         <run_address>0x8cb95</run_address>
         <size>0x1a</size>
         <input_file_ref idref="fl-2e"/>
      </object_component>
      <object_component id="oc-418">
         <name>.text:_ti_sysbios_family_c28_Hwi_Object__get__S</name>
         <load_address>0x8cbaf</load_address>
         <run_address>0x8cbaf</run_address>
         <size>0x19</size>
         <input_file_ref idref="fl-13"/>
      </object_component>
      <object_component id="oc-41f">
         <name>.text:_ti_sysbios_knl_Mailbox_postInit__I</name>
         <load_address>0x8cbc8</load_address>
         <run_address>0x8cbc8</run_address>
         <size>0x19</size>
         <input_file_ref idref="fl-1f"/>
      </object_component>
      <object_component id="oc-43d">
         <name>.text:_ti_sysbios_knl_Queue_Object__get__S</name>
         <load_address>0x8cbe1</load_address>
         <run_address>0x8cbe1</run_address>
         <size>0x19</size>
         <input_file_ref idref="fl-13"/>
      </object_component>
      <object_component id="oc-3f2">
         <name>.text:_ti_sysbios_knl_Queue_construct</name>
         <load_address>0x8cbfa</load_address>
         <run_address>0x8cbfa</run_address>
         <size>0x19</size>
         <input_file_ref idref="fl-13"/>
      </object_component>
      <object_component id="oc-390">
         <name>.text:_ti_sysbios_knl_Semaphore_pendTimeout__I</name>
         <load_address>0x8cc13</load_address>
         <run_address>0x8cc13</run_address>
         <size>0x19</size>
         <input_file_ref idref="fl-1f"/>
      </object_component>
      <object_component id="oc-32a">
         <name>.text:_ti_sysbios_knl_Swi_restore__E</name>
         <load_address>0x8cc2c</load_address>
         <run_address>0x8cc2c</run_address>
         <size>0x19</size>
         <input_file_ref idref="fl-1f"/>
      </object_component>
      <object_component id="oc-42c">
         <name>.text:_xdc_runtime_System_vprintf__E</name>
         <load_address>0x8cc45</load_address>
         <run_address>0x8cc45</run_address>
         <size>0x19</size>
         <input_file_ref idref="fl-2e"/>
      </object_component>
      <object_component id="oc-445">
         <name>.text:_xdc_runtime_Text_printVisFxn__I</name>
         <load_address>0x8cc5e</load_address>
         <run_address>0x8cc5e</run_address>
         <size>0x19</size>
         <input_file_ref idref="fl-30"/>
      </object_component>
      <object_component id="oc-292">
         <name>.text</name>
         <load_address>0x8cc77</load_address>
         <run_address>0x8cc77</run_address>
         <size>0x19</size>
         <input_file_ref idref="fl-53"/>
      </object_component>
      <object_component id="oc-387">
         <name>.text:_ti_sysbios_family_xxx_Hwi_switchAndRunFunc</name>
         <load_address>0x8cc90</load_address>
         <run_address>0x8cc90</run_address>
         <size>0x18</size>
         <input_file_ref idref="fl-20"/>
      </object_component>
      <object_component id="oc-403">
         <name>.text:_xdc_runtime_LoggerBuf_Module_startup__E</name>
         <load_address>0x8cca8</load_address>
         <run_address>0x8cca8</run_address>
         <size>0x18</size>
         <input_file_ref idref="fl-2b"/>
      </object_component>
      <object_component id="oc-36a">
         <name>.text:_xdc_runtime_LoggerBuf_reset__E</name>
         <load_address>0x8ccc0</load_address>
         <run_address>0x8ccc0</run_address>
         <size>0x18</size>
         <input_file_ref idref="fl-2b"/>
      </object_component>
      <object_component id="oc-272">
         <name>.text</name>
         <load_address>0x8ccd8</load_address>
         <run_address>0x8ccd8</run_address>
         <size>0x18</size>
         <input_file_ref idref="fl-65"/>
      </object_component>
      <object_component id="oc-2c8">
         <name>.text:_ti_sysbios_BIOS_atExitFunc__I</name>
         <load_address>0x8ccf0</load_address>
         <run_address>0x8ccf0</run_address>
         <size>0x17</size>
         <input_file_ref idref="fl-13"/>
      </object_component>
      <object_component id="oc-2cb">
         <name>.text:_ti_sysbios_family_c28_Timer_startup__E</name>
         <load_address>0x8cd07</load_address>
         <run_address>0x8cd07</run_address>
         <size>0x17</size>
         <input_file_ref idref="fl-1f"/>
      </object_component>
      <object_component id="oc-3ad">
         <name>.text:_ti_sysbios_heaps_HeapMem_Object__get__S</name>
         <load_address>0x8cd1e</load_address>
         <run_address>0x8cd1e</run_address>
         <size>0x17</size>
         <input_file_ref idref="fl-13"/>
      </object_component>
      <object_component id="oc-29c">
         <name>.text:_ti_sysbios_knl_Clock_doTick__I</name>
         <load_address>0x8cd35</load_address>
         <run_address>0x8cd35</run_address>
         <size>0x17</size>
         <input_file_ref idref="fl-13"/>
      </object_component>
      <object_component id="oc-41d">
         <name>.text:_ti_sysbios_knl_Mailbox_Object__get__S</name>
         <load_address>0x8cd4c</load_address>
         <run_address>0x8cd4c</run_address>
         <size>0x17</size>
         <input_file_ref idref="fl-13"/>
      </object_component>
      <object_component id="oc-421">
         <name>.text:_ti_sysbios_knl_Swi_Object__get__S</name>
         <load_address>0x8cd63</load_address>
         <run_address>0x8cd63</run_address>
         <size>0x17</size>
         <input_file_ref idref="fl-13"/>
      </object_component>
      <object_component id="oc-424">
         <name>.text:_ti_sysbios_knl_Task_Object__get__S</name>
         <load_address>0x8cd7a</load_address>
         <run_address>0x8cd7a</run_address>
         <size>0x17</size>
         <input_file_ref idref="fl-13"/>
      </object_component>
      <object_component id="oc-415">
         <name>.text:_xdc_runtime_LoggerBuf_Object__get__S</name>
         <load_address>0x8cd91</load_address>
         <run_address>0x8cd91</run_address>
         <size>0x17</size>
         <input_file_ref idref="fl-13"/>
      </object_component>
      <object_component id="oc-3b4">
         <name>.text:_xdc_runtime_Memory_valloc__E</name>
         <load_address>0x8cda8</load_address>
         <run_address>0x8cda8</run_address>
         <size>0x17</size>
         <input_file_ref idref="fl-2c"/>
      </object_component>
      <object_component id="oc-407">
         <name>.text:_ti_sysbios_family_c28_Timer_Module_startup__E</name>
         <load_address>0x8cdbf</load_address>
         <run_address>0x8cdbf</run_address>
         <size>0x16</size>
         <input_file_ref idref="fl-1f"/>
      </object_component>
      <object_component id="oc-378">
         <name>.text:_ti_sysbios_knl_Task_restore__E</name>
         <load_address>0x8cdd5</load_address>
         <run_address>0x8cdd5</run_address>
         <size>0x16</size>
         <input_file_ref idref="fl-1f"/>
      </object_component>
      <object_component id="oc-3f9">
         <name>.text:_xdc_runtime_SysMin_abort__E</name>
         <load_address>0x8cdeb</load_address>
         <run_address>0x8cdeb</run_address>
         <size>0x16</size>
         <input_file_ref idref="fl-2f"/>
      </object_component>
      <object_component id="oc-40a">
         <name>.text:_ti_sysbios_knl_Swi_Module_startup__E</name>
         <load_address>0x8ce01</load_address>
         <run_address>0x8ce01</run_address>
         <size>0x15</size>
         <input_file_ref idref="fl-1f"/>
      </object_component>
      <object_component id="oc-2db">
         <name>.text:_ti_sysbios_knl_Idle_run__E</name>
         <load_address>0x8ce16</load_address>
         <run_address>0x8ce16</run_address>
         <size>0x14</size>
         <input_file_ref idref="fl-1f"/>
      </object_component>
      <object_component id="oc-3e0">
         <name>.text:_ti_sysbios_BIOS_errorRaiseHook__I</name>
         <load_address>0x8ce2a</load_address>
         <run_address>0x8ce2a</run_address>
         <size>0x13</size>
         <input_file_ref idref="fl-13"/>
      </object_component>
      <object_component id="oc-2d9">
         <name>.text:_ti_sysbios_gates_GateMutex_Object__delete__S</name>
         <load_address>0x8ce3d</load_address>
         <run_address>0x8ce3d</run_address>
         <size>0x13</size>
         <input_file_ref idref="fl-13"/>
      </object_component>
      <object_component id="oc-2a4">
         <name>.text:_xdc_runtime_Error_raiseX__E</name>
         <load_address>0x8ce50</load_address>
         <run_address>0x8ce50</run_address>
         <size>0x13</size>
         <input_file_ref idref="fl-29"/>
      </object_component>
      <object_component id="oc-35d">
         <name>.text:_xdc_runtime_Text_cordText__E</name>
         <load_address>0x8ce63</load_address>
         <run_address>0x8ce63</run_address>
         <size>0x13</size>
         <input_file_ref idref="fl-30"/>
      </object_component>
      <object_component id="oc-459">
         <name>.text:_ti_sysbios_family_c28_Hwi_disableIER__E</name>
         <load_address>0x8ce76</load_address>
         <run_address>0x8ce76</run_address>
         <size>0x12</size>
         <input_file_ref idref="fl-13"/>
      </object_component>
      <object_component id="oc-2b1">
         <name>.text:_ti_sysbios_gates_GateHwi_Object__delete__S</name>
         <load_address>0x8ce88</load_address>
         <run_address>0x8ce88</run_address>
         <size>0x12</size>
         <input_file_ref idref="fl-13"/>
      </object_component>
      <object_component id="oc-2b9">
         <name>.text:_ti_sysbios_heaps_HeapMem_Object__delete__S</name>
         <load_address>0x8ce9a</load_address>
         <run_address>0x8ce9a</run_address>
         <size>0x12</size>
         <input_file_ref idref="fl-13"/>
      </object_component>
      <object_component id="oc-408">
         <name>.text:_ti_sysbios_knl_Clock_Module_startup__E</name>
         <load_address>0x8ceac</load_address>
         <run_address>0x8ceac</run_address>
         <size>0x12</size>
         <input_file_ref idref="fl-1f"/>
      </object_component>
      <object_component id="oc-2c6">
         <name>.text:_xdc_runtime_LoggerBuf_Object__delete__S</name>
         <load_address>0x8cebe</load_address>
         <run_address>0x8cebe</run_address>
         <size>0x12</size>
         <input_file_ref idref="fl-13"/>
      </object_component>
      <object_component id="oc-2b2">
         <name>.text:_ti_sysbios_gates_GateHwi_Handle__label__S</name>
         <load_address>0x8ced0</load_address>
         <run_address>0x8ced0</run_address>
         <size>0x11</size>
         <input_file_ref idref="fl-13"/>
      </object_component>
      <object_component id="oc-2da">
         <name>.text:_ti_sysbios_gates_GateMutex_Handle__label__S</name>
         <load_address>0x8cee1</load_address>
         <run_address>0x8cee1</run_address>
         <size>0x11</size>
         <input_file_ref idref="fl-13"/>
      </object_component>
      <object_component id="oc-2ba">
         <name>.text:_ti_sysbios_heaps_HeapMem_Handle__label__S</name>
         <load_address>0x8cef2</load_address>
         <run_address>0x8cef2</run_address>
         <size>0x11</size>
         <input_file_ref idref="fl-13"/>
      </object_component>
      <object_component id="oc-2c7">
         <name>.text:_xdc_runtime_LoggerBuf_Handle__label__S</name>
         <load_address>0x8cf03</load_address>
         <run_address>0x8cf03</run_address>
         <size>0x11</size>
         <input_file_ref idref="fl-13"/>
      </object_component>
      <object_component id="oc-325">
         <name>.text:_ti_sysbios_BIOS_rtsLock__I</name>
         <load_address>0x8cf14</load_address>
         <run_address>0x8cf14</run_address>
         <size>0x10</size>
         <input_file_ref idref="fl-13"/>
      </object_component>
      <object_component id="oc-3c2">
         <name>.text:_ti_sysbios_family_c28_Hwi_enableIER__E</name>
         <load_address>0x8cf24</load_address>
         <run_address>0x8cf24</run_address>
         <size>0x10</size>
         <input_file_ref idref="fl-13"/>
      </object_component>
      <object_component id="oc-431">
         <name>.text:_ti_sysbios_family_c28_Timer_stop__E</name>
         <load_address>0x8cf34</load_address>
         <run_address>0x8cf34</run_address>
         <size>0x10</size>
         <input_file_ref idref="fl-1f"/>
      </object_component>
      <object_component id="oc-458">
         <name>.text:_ti_sysbios_knl_Task_restoreHwi__E</name>
         <load_address>0x8cf44</load_address>
         <run_address>0x8cf44</run_address>
         <size>0x10</size>
         <input_file_ref idref="fl-1f"/>
      </object_component>
      <object_component id="oc-405">
         <name>.text:_xdc_runtime_SysMin_Module_startup__E</name>
         <load_address>0x8cf54</load_address>
         <run_address>0x8cf54</run_address>
         <size>0x10</size>
         <input_file_ref idref="fl-2f"/>
      </object_component>
      <object_component id="oc-29a">
         <name>.text:_ti_sysbios_BIOS_startFunc__I</name>
         <load_address>0x8cf64</load_address>
         <run_address>0x8cf64</run_address>
         <size>0xf</size>
         <input_file_ref idref="fl-13"/>
      </object_component>
      <object_component id="oc-340">
         <name>.text:_ti_sysbios_gates_GateMutex_Instance_init__E</name>
         <load_address>0x8cf73</load_address>
         <run_address>0x8cf73</run_address>
         <size>0xf</size>
         <input_file_ref idref="fl-1f"/>
      </object_component>
      <object_component id="oc-3d7">
         <name>.text:_ti_sysbios_knl_Semaphore_Object__destruct__S</name>
         <load_address>0x8cf82</load_address>
         <run_address>0x8cf82</run_address>
         <size>0xf</size>
         <input_file_ref idref="fl-13"/>
      </object_component>
      <object_component id="oc-2c0">
         <name>.text:_xdc_runtime_LoggerBuf_write2__E</name>
         <load_address>0x8cf91</load_address>
         <run_address>0x8cf91</run_address>
         <size>0xf</size>
         <input_file_ref idref="fl-2b"/>
      </object_component>
      <object_component id="oc-443">
         <name>.text:_xdc_runtime_Registry_findById__E</name>
         <load_address>0x8cfa0</load_address>
         <run_address>0x8cfa0</run_address>
         <size>0xf</size>
         <input_file_ref idref="fl-33"/>
      </object_component>
      <object_component id="oc-452">
         <name>.text:_xdc_runtime_Text_visitRope__I</name>
         <load_address>0x8cfaf</load_address>
         <run_address>0x8cfaf</run_address>
         <size>0xf</size>
         <input_file_ref idref="fl-13"/>
      </object_component>
      <object_component id="oc-367">
         <name>.text:_ti_sysbios_family_c28_f2837x_TimestampProvider_get64__E</name>
         <load_address>0x8cfbe</load_address>
         <run_address>0x8cfbe</run_address>
         <size>0xe</size>
         <input_file_ref idref="fl-1f"/>
      </object_component>
      <object_component id="oc-40f">
         <name>.text:_ti_sysbios_knl_Queue_Object__destruct__S</name>
         <load_address>0x8cfcc</load_address>
         <run_address>0x8cfcc</run_address>
         <size>0xe</size>
         <input_file_ref idref="fl-13"/>
      </object_component>
      <object_component id="oc-3ea">
         <name>.text:_xdc_runtime_IHeap_alloc</name>
         <load_address>0x8cfda</load_address>
         <run_address>0x8cfda</run_address>
         <size>0xe</size>
         <input_file_ref idref="fl-13"/>
      </object_component>
      <object_component id="oc-1d2">
         <name>.text</name>
         <load_address>0x8cfe8</load_address>
         <run_address>0x8cfe8</run_address>
         <size>0xe</size>
         <input_file_ref idref="fl-46"/>
      </object_component>
      <object_component id="oc-2ca">
         <name>.text:_ti_sysbios_BIOS_registerRTSLock__I</name>
         <load_address>0x8cff6</load_address>
         <run_address>0x8cff6</run_address>
         <size>0xd</size>
         <input_file_ref idref="fl-13"/>
      </object_component>
      <object_component id="oc-2cf">
         <name>.text:_ti_sysbios_BIOS_removeRTSLock__I</name>
         <load_address>0x8d003</load_address>
         <run_address>0x8d003</run_address>
         <size>0xd</size>
         <input_file_ref idref="fl-13"/>
      </object_component>
      <object_component id="oc-449">
         <name>.text:_ti_sysbios_family_c28_Hwi_dispatchC__I</name>
         <load_address>0x8d010</load_address>
         <run_address>0x8d010</run_address>
         <size>0xd</size>
         <input_file_ref idref="fl-1f"/>
      </object_component>
      <object_component id="oc-3c6">
         <name>.text:_ti_sysbios_family_c28_Hwi_restoreIER__E</name>
         <load_address>0x8d01d</load_address>
         <run_address>0x8d01d</run_address>
         <size>0xd</size>
         <input_file_ref idref="fl-13"/>
      </object_component>
      <object_component id="oc-43c">
         <name>.text:_ti_sysbios_knl_Task_SupportProxy_start__E</name>
         <load_address>0x8d02a</load_address>
         <run_address>0x8d02a</run_address>
         <size>0xd</size>
         <input_file_ref idref="fl-13"/>
      </object_component>
      <object_component id="oc-43b">
         <name>.text:_ti_sysbios_knl_Task_enter__I</name>
         <load_address>0x8d037</load_address>
         <run_address>0x8d037</run_address>
         <size>0xd</size>
         <input_file_ref idref="fl-1f"/>
      </object_component>
      <object_component id="oc-2be">
         <name>.text:_xdc_runtime_LoggerBuf_write0__E</name>
         <load_address>0x8d044</load_address>
         <run_address>0x8d044</run_address>
         <size>0xd</size>
         <input_file_ref idref="fl-2b"/>
      </object_component>
      <object_component id="oc-2bf">
         <name>.text:_xdc_runtime_LoggerBuf_write1__E</name>
         <load_address>0x8d051</load_address>
         <run_address>0x8d051</run_address>
         <size>0xd</size>
         <input_file_ref idref="fl-2b"/>
      </object_component>
      <object_component id="oc-3ba">
         <name>.text:_xdc_runtime_Memory_HeapProxy_alloc__E</name>
         <load_address>0x8d05e</load_address>
         <run_address>0x8d05e</run_address>
         <size>0xd</size>
         <input_file_ref idref="fl-13"/>
      </object_component>
      <object_component id="oc-3aa">
         <name>.text:_xdc_runtime_System_abort__E</name>
         <load_address>0x8d06b</load_address>
         <run_address>0x8d06b</run_address>
         <size>0xd</size>
         <input_file_ref idref="fl-2e"/>
      </object_component>
      <object_component id="oc-3df">
         <name>.text</name>
         <load_address>0x8d078</load_address>
         <run_address>0x8d078</run_address>
         <size>0xd</size>
         <input_file_ref idref="fl-5e"/>
      </object_component>
      <object_component id="oc-29b">
         <name>.text:_ti_sysbios_BIOS_exitFunc__I</name>
         <load_address>0x8d085</load_address>
         <run_address>0x8d085</run_address>
         <size>0xc</size>
         <input_file_ref idref="fl-13"/>
      </object_component>
      <object_component id="oc-2d7">
         <name>.text:_ti_sysbios_gates_GateMutex_leave__E</name>
         <load_address>0x8d091</load_address>
         <run_address>0x8d091</run_address>
         <size>0xc</size>
         <input_file_ref idref="fl-1f"/>
      </object_component>
      <object_component id="oc-3d0">
         <name>.text:_ti_sysbios_knl_Queue_put__E</name>
         <load_address>0x8d09d</load_address>
         <run_address>0x8d09d</run_address>
         <size>0xc</size>
         <input_file_ref idref="fl-1f"/>
      </object_component>
      <object_component id="oc-395">
         <name>.text:_ti_sysbios_knl_Task_enabled__E</name>
         <load_address>0x8d0a9</load_address>
         <run_address>0x8d0a9</run_address>
         <size>0xc</size>
         <input_file_ref idref="fl-1f"/>
      </object_component>
      <object_component id="oc-31c">
         <name>.text:_xdc_runtime_Error_check__E</name>
         <load_address>0x8d0b5</load_address>
         <run_address>0x8d0b5</run_address>
         <size>0xc</size>
         <input_file_ref idref="fl-29"/>
      </object_component>
      <object_component id="oc-412">
         <name>.text:_xdc_runtime_System_aprintf__E</name>
         <load_address>0x8d0c1</load_address>
         <run_address>0x8d0c1</run_address>
         <size>0xc</size>
         <input_file_ref idref="fl-13"/>
      </object_component>
      <object_component id="oc-413">
         <name>.text:_xdc_runtime_System_printf__E</name>
         <load_address>0x8d0cd</load_address>
         <run_address>0x8d0cd</run_address>
         <size>0xc</size>
         <input_file_ref idref="fl-13"/>
      </object_component>
      <object_component id="oc-35b">
         <name>.text</name>
         <load_address>0x8d0d9</load_address>
         <run_address>0x8d0d9</run_address>
         <size>0xc</size>
         <input_file_ref idref="fl-54"/>
      </object_component>
      <object_component id="oc-3dd">
         <name>.text</name>
         <load_address>0x8d0e5</load_address>
         <run_address>0x8d0e5</run_address>
         <size>0xc</size>
         <input_file_ref idref="fl-5f"/>
      </object_component>
      <object_component id="oc-451">
         <name>.text:_ti_sysbios_family_c28_Hwi_Module__startupDone__F</name>
         <load_address>0x8d0f1</load_address>
         <run_address>0x8d0f1</run_address>
         <size>0xb</size>
         <input_file_ref idref="fl-13"/>
      </object_component>
      <object_component id="oc-44b">
         <name>.text:_ti_sysbios_family_c28_Timer_Module__startupDone__F</name>
         <load_address>0x8d0fc</load_address>
         <run_address>0x8d0fc</run_address>
         <size>0xb</size>
         <input_file_ref idref="fl-13"/>
      </object_component>
      <object_component id="oc-43e">
         <name>.text:_ti_sysbios_knl_Task_unblock__E</name>
         <load_address>0x8d107</load_address>
         <run_address>0x8d107</run_address>
         <size>0xb</size>
         <input_file_ref idref="fl-1f"/>
      </object_component>
      <object_component id="oc-31d">
         <name>.text:_xdc_runtime_LoggerBuf_Instance_finalize__E</name>
         <load_address>0x8d112</load_address>
         <run_address>0x8d112</run_address>
         <size>0xb</size>
         <input_file_ref idref="fl-2b"/>
      </object_component>
      <object_component id="oc-2f6">
         <name>.text:_xdc_runtime_Startup_exec__I</name>
         <load_address>0x8d11d</load_address>
         <run_address>0x8d11d</run_address>
         <size>0xb</size>
[...]
         <value>0x8d112</value>
         <object_component_ref idref="oc-31d"/>
      </symbol>
      <symbol id="sm-d65">
         <name>_xdc_runtime_LoggerBuf_write4__E</name>
         <value>0x8b4f0</value>
         <object_component_ref idref="oc-2c1"/>
      </symbol>
      <symbol id="sm-d66">
         <name>_xdc_runtime_LoggerBuf_getFilterLevel__E</name>
         <value>0x8c268</value>
         <object_component_ref idref="oc-2c4"/>
      </symbol>
      <symbol id="sm-d67">
         <name>_xdc_runtime_LoggerBuf_disable__E</name>
         <value>0x8d2bd</value>
         <object_component_ref idref="oc-2bd"/>
      </symbol>
      <symbol id="sm-d68">
         <name>_xdc_runtime_LoggerBuf_setFilterLevel__E</name>
         <value>0x8c2a5</value>
         <object_component_ref idref="oc-2c3"/>
      </symbol>
      <symbol id="sm-d69">
         <name>_xdc_runtime_LoggerBuf_write8__E</name>
         <value>0x8ac2d</value>
         <object_component_ref idref="oc-2c2"/>
      </symbol>
      <symbol id="sm-d6a">
         <name>_xdc_runtime_LoggerBuf_write2__E</name>
         <value>0x8cf91</value>
         <object_component_ref idref="oc-2c0"/>
      </symbol>
      <symbol id="sm-d6b">
         <name>_LoggerBuf_instanceStartup</name>
         <value>0x8ccc0</value>
         <object_component_ref idref="oc-36a"/>
      </symbol>
      <symbol id="sm-d6c">
         <name>_xdc_runtime_LoggerBuf_filterOutEvent__I</name>
         <value>0x8c8d9</value>
         <object_component_ref idref="oc-311"/>
      </symbol>
      <symbol id="sm-d6d">
         <name>_xdc_runtime_LoggerBuf_write1__E</name>
         <value>0x8d051</value>
         <object_component_ref idref="oc-2bf"/>
      </symbol>
      <symbol id="sm-d6e">
         <name>_xdc_runtime_LoggerBuf_enable__E</name>
         <value>0x8d28b</value>
         <object_component_ref idref="oc-2bc"/>
      </symbol>
      <symbol id="sm-d8a">
         <name>_xdc_runtime_Memory_calloc__E</name>
         <value>0x8d1e0</value>
         <object_component_ref idref="oc-35a"/>
      </symbol>
      <symbol id="sm-d8b">
         <name>_xdc_runtime_Memory_free__E</name>
         <value>0x8d15d</value>
         <object_component_ref idref="oc-35c"/>
      </symbol>
      <symbol id="sm-d8c">
         <name>_xdc_runtime_Memory_valloc__E</name>
         <value>0x8cda8</value>
         <object_component_ref idref="oc-3b4"/>
      </symbol>
      <symbol id="sm-d8d">
         <name>_xdc_runtime_Memory_alloc__E</name>
         <value>0x8bed7</value>
         <object_component_ref idref="oc-369"/>
      </symbol>
      <symbol id="sm-d8e">
         <name>_xdc_runtime_Memory_getMaxDefaultTypeAlign__E</name>
         <value>0x8d2d3</value>
         <object_component_ref idref="oc-3b9"/>
      </symbol>
      <symbol id="sm-daf">
         <name>_xdc_runtime_Startup_startMods__I</name>
         <value>0x8b90f</value>
         <object_component_ref idref="oc-3b0"/>
      </symbol>
      <symbol id="sm-db0">
         <name>_xdc_runtime_Startup_exec__E</name>
         <value>0x8c4c1</value>
         <object_component_ref idref="oc-291"/>
      </symbol>
      <symbol id="sm-e35">
         <name>_xdc_runtime_System_formatNum__I</name>
         <value>0x8c170</value>
         <object_component_ref idref="oc-455"/>
      </symbol>
      <symbol id="sm-e36">
         <name>_xdc_runtime_System_exit__E</name>
         <value>0x8d133</value>
         <object_component_ref idref="oc-293"/>
      </symbol>
      <symbol id="sm-e37">
         <name>_xdc_runtime_System_exitStd__E</name>
         <value>0x8d30d</value>
         <object_component_ref idref="oc-2f9"/>
      </symbol>
      <symbol id="sm-e38">
         <name>_xdc_runtime_System_printf_va__F</name>
         <value>0x8cc45</value>
         <object_component_ref idref="oc-42c"/>
      </symbol>
      <symbol id="sm-e39">
         <name>_xdc_runtime_System_atexit__E</name>
         <value>0x8c8fa</value>
         <object_component_ref idref="oc-2c9"/>
      </symbol>
      <symbol id="sm-e3a">
         <name>_xdc_runtime_System_abortStd__E</name>
         <value>0x8d30a</value>
         <object_component_ref idref="oc-3fa"/>
      </symbol>
      <symbol id="sm-e3b">
         <name>_xdc_runtime_System_putchar__I</name>
         <value>0x8cb95</value>
         <object_component_ref idref="oc-456"/>
      </symbol>
      <symbol id="sm-e3c">
         <name>_xdc_runtime_System_snprintf_va__F</name>
         <value>0x8d167</value>
         <object_component_ref idref="oc-446"/>
      </symbol>
      <symbol id="sm-e3d">
         <name>_xdc_runtime_System_Module_startup__E</name>
         <value>0x8d304</value>
         <object_component_ref idref="oc-404"/>
      </symbol>
      <symbol id="sm-e3e">
         <name>_xdc_runtime_System_avprintf__E</name>
         <value>0x8cb7b</value>
         <object_component_ref idref="oc-42b"/>
      </symbol>
      <symbol id="sm-e3f">
         <name>_xdc_runtime_System_vprintf__E</name>
         <value>0x8cc45</value>
         <object_component_ref idref="oc-42c"/>
      </symbol>
      <symbol id="sm-e40">
         <name>_xdc_runtime_System_aprintf_va__F</name>
         <value>0x8cb7b</value>
         <object_component_ref idref="oc-42b"/>
      </symbol>
      <symbol id="sm-e41">
         <name>_xdc_runtime_System_doPrint__I</name>
         <value>0x898fd</value>
         <object_component_ref idref="oc-448"/>
      </symbol>
      <symbol id="sm-e42">
         <name>_xdc_runtime_System_processAtExit__E</name>
         <value>0x8c807</value>
         <object_component_ref idref="oc-2aa"/>
      </symbol>
      <symbol id="sm-e43">
         <name>_xdc_runtime_System_vsnprintf__E</name>
         <value>0x8d167</value>
         <object_component_ref idref="oc-446"/>
      </symbol>
      <symbol id="sm-e44">
         <name>_xdc_runtime_System_abort__E</name>
         <value>0x8d06b</value>
         <object_component_ref idref="oc-3aa"/>
      </symbol>
      <symbol id="sm-e64">
         <name>_xdc_runtime_SysMin_abort__E</name>
         <value>0x8cdeb</value>
         <object_component_ref idref="oc-3f9"/>
      </symbol>
      <symbol id="sm-e65">
         <name>_xdc_runtime_SysMin_ready__E</name>
         <value>0x8d1e8</value>
         <object_component_ref idref="oc-453"/>
      </symbol>
      <symbol id="sm-e66">
         <name>_xdc_runtime_SysMin_flush__E</name>
         <value>0x8c740</value>
         <object_component_ref idref="oc-3b3"/>
      </symbol>
      <symbol id="sm-e67">
         <name>_xdc_runtime_SysMin_Module_startup__E</name>
         <value>0x8cf54</value>
         <object_component_ref idref="oc-405"/>
      </symbol>
      <symbol id="sm-e68">
         <name>_xdc_runtime_SysMin_putch__E</name>
         <value>0x8c9d8</value>
         <object_component_ref idref="oc-402"/>
      </symbol>
      <symbol id="sm-e69">
         <name>_xdc_runtime_SysMin_exit__E</name>
         <value>0x8d128</value>
         <object_component_ref idref="oc-351"/>
      </symbol>
      <symbol id="sm-eb0">
         <name>_xdc_runtime_Text_putLab__E</name>
         <value>0x8bf7f</value>
         <object_component_ref idref="oc-464"/>
      </symbol>
      <symbol id="sm-eb1">
         <name>_xdc_runtime_Text_printVisFxn__I</name>
         <value>0x8cc5e</value>
         <object_component_ref idref="oc-445"/>
      </symbol>
      <symbol id="sm-eb2">
         <name>_xdc_runtime_Text_putMod__E</name>
         <value>0x8c1ed</value>
         <object_component_ref idref="oc-429"/>
      </symbol>
      <symbol id="sm-eb3">
         <name>_xdc_runtime_Text_cordText__E</name>
         <value>0x8ce63</value>
         <object_component_ref idref="oc-35d"/>
      </symbol>
      <symbol id="sm-eb4">
         <name>_xdc_runtime_Text_xprintf__I</name>
         <value>0x8c769</value>
         <object_component_ref idref="oc-42a"/>
      </symbol>
      <symbol id="sm-eb5">
         <name>_xdc_runtime_Text_visitRope2__I</name>
         <value>0x8c48f</value>
         <object_component_ref idref="oc-45d"/>
      </symbol>
      <symbol id="sm-eb6">
         <name>_xdc_runtime_Text_ropeText__E</name>
         <value>0x8d171</value>
         <object_component_ref idref="oc-362"/>
      </symbol>
      <symbol id="sm-eb7">
         <name>_xdc_runtime_Text_putSite__E</name>
         <value>0x8bb56</value>
         <object_component_ref idref="oc-411"/>
      </symbol>
      <symbol id="sm-ec4">
         <name>___xdc__init</name>
         <value>0x8d2da</value>
         <object_component_ref idref="oc-294"/>
      </symbol>
      <symbol id="sm-ee6">
         <name>_xdc_runtime_Registry_findById__E</name>
         <value>0x8cfa0</value>
         <object_component_ref idref="oc-443"/>
      </symbol>
      <symbol id="sm-f00">
         <name>_c_int00</name>
         <value>0x8bd03</value>
         <object_component_ref idref="oc-84"/>
      </symbol>
      <symbol id="sm-f01">
         <name>__stack</name>
         <value>0x8000</value>
         <object_component_ref idref="oc-1af"/>
      </symbol>
      <symbol id="sm-f19">
         <name>_ti_catalog_c2800_initF2837x_Boot_initFlash</name>
         <value>0xb000</value>
         <object_component_ref idref="oc-3ae"/>
      </symbol>
      <symbol id="sm-f1a">
         <name>_ti_catalog_c2800_initF2837x_Boot_defaultLimpAbortFunction</name>
         <value>0x8d31a</value>
         <object_component_ref idref="oc-3ab"/>
      </symbol>
      <symbol id="sm-f1b">
         <name>_ti_catalog_c2800_initF2837x_Boot_configurePllDivs</name>
         <value>0x8c0a6</value>
         <object_component_ref idref="oc-2f3"/>
      </symbol>
      <symbol id="sm-f1c">
         <name>_ti_catalog_c2800_initF2837x_Boot_initSharedRAMs</name>
         <value>0x8d1a8</value>
         <object_component_ref idref="oc-2f4"/>
      </symbol>
      <symbol id="sm-f37">
         <name>FD$$ADD</name>
         <value>0x8b297</value>
         <object_component_ref idref="oc-1b9"/>
      </symbol>
      <symbol id="sm-f47">
         <name>FD$$CMP</name>
         <value>0x8c6ec</value>
         <object_component_ref idref="oc-1be"/>
      </symbol>
      <symbol id="sm-f5e">
         <name>FD$$DIV</name>
         <value>0x8b57b</value>
         <object_component_ref idref="oc-1c3"/>
      </symbol>
      <symbol id="sm-f70">
         <name>FD$$MPY</name>
         <value>0x8b68e</value>
         <object_component_ref idref="oc-1c8"/>
      </symbol>
      <symbol id="sm-f7d">
         <name>FD$$NEG</name>
         <value>0x8d19f</value>
         <object_component_ref idref="oc-1cd"/>
      </symbol>
      <symbol id="sm-f89">
         <name>FD$$SUB</name>
         <value>0x8cfe8</value>
         <object_component_ref idref="oc-1d2"/>
      </symbol>
      <symbol id="sm-f98">
         <name>FD$$TOL</name>
         <value>0x8c9b9</value>
         <object_component_ref idref="oc-1d7"/>
      </symbol>
      <symbol id="sm-fa9">
         <name>FS$$DIV</name>
         <value>0x8b606</value>
         <object_component_ref idref="oc-1dc"/>
      </symbol>
      <symbol id="sm-fd5">
         <name>ULL$$MOD</name>
         <value>0x8a824</value>
         <object_component_ref idref="oc-1e1"/>
      </symbol>
      <symbol id="sm-fd6">
         <name>ULL$$DIV</name>
         <value>0x8a7f5</value>
         <object_component_ref idref="oc-1e1"/>
      </symbol>
      <symbol id="sm-fd7">
         <name>LL$$MOD</name>
         <value>0x8a7bb</value>
         <object_component_ref idref="oc-1e1"/>
      </symbol>
      <symbol id="sm-fd8">
         <name>LL$$DIV</name>
         <value>0x8a77f</value>
         <object_component_ref idref="oc-1e1"/>
      </symbol>
      <symbol id="sm-fe6">
         <name>I$$MOD</name>
         <value>0x8c8a7</value>
         <object_component_ref idref="oc-1e6"/>
      </symbol>
      <symbol id="sm-fe7">
         <name>I$$DIV</name>
         <value>0x8c896</value>
         <object_component_ref idref="oc-1e6"/>
      </symbol>
      <symbol id="sm-ff3">
         <name>U$$MOD</name>
         <value>0x8d143</value>
         <object_component_ref idref="oc-1eb"/>
      </symbol>
      <symbol id="sm-ff4">
         <name>U$$DIV</name>
         <value>0x8d13e</value>
         <object_component_ref idref="oc-1eb"/>
      </symbol>
      <symbol id="sm-1000">
         <name>UL$$MOD</name>
         <value>0x8c73a</value>
         <object_component_ref idref="oc-1f0"/>
      </symbol>
      <symbol id="sm-1001">
         <name>L$$MOD</name>
         <value>0x8c725</value>
         <object_component_ref idref="oc-1f0"/>
      </symbol>
      <symbol id="sm-1002">
         <name>L$$DIV</name>
         <value>0x8c716</value>
         <object_component_ref idref="oc-1f0"/>
      </symbol>
      <symbol id="sm-1003">
         <name>UL$$DIV</name>
         <value>0x8c733</value>
         <object_component_ref idref="oc-1f0"/>
      </symbol>
      <symbol id="sm-1013">
         <name>FS$$TOFD</name>
         <value>0x8ca88</value>
         <object_component_ref idref="oc-1f5"/>
      </symbol>
      <symbol id="sm-1023">
         <name>FD$$TOFS</name>
         <value>0x8c873</value>
         <object_component_ref idref="oc-1fa"/>
      </symbol>
      <symbol id="sm-1032">
         <name>_copy_in</name>
         <value>0x8c82b</value>
         <object_component_ref idref="oc-290"/>
      </symbol>
      <symbol id="sm-1043">
         <name>_memcpy</name>
         <value>0x8ca14</value>
         <object_component_ref idref="oc-2a6"/>
      </symbol>
      <symbol id="sm-1057">
         <name>C$$EXIT</name>
         <value>0x8c792</value>
         <object_component_ref idref="oc-352"/>
      </symbol>
      <symbol id="sm-1058">
         <name>_exit</name>
         <value>0x8c794</value>
         <object_component_ref idref="oc-352"/>
      </symbol>
      <symbol id="sm-1059">
         <name>___TI_cleanup_ptr</name>
         <value>0xef3a</value>
         <object_component_ref idref="oc-20b"/>
      </symbol>
      <symbol id="sm-105a">
         <name>___TI_enable_exit_profile_output</name>
         <value>0xef38</value>
         <object_component_ref idref="oc-20b"/>
      </symbol>
      <symbol id="sm-105b">
         <name>_abort</name>
         <value>0x8c792</value>
         <object_component_ref idref="oc-352"/>
      </symbol>
      <symbol id="sm-105c">
         <name>___TI_dtors_ptr</name>
         <value>0xef3c</value>
         <object_component_ref idref="oc-20b"/>
      </symbol>
      <symbol id="sm-1070">
         <name>__unlock</name>
         <value>0x10058</value>
         <object_component_ref idref="oc-36c"/>
      </symbol>
      <symbol id="sm-1071">
         <name>__lock</name>
         <value>0xef3e</value>
         <object_component_ref idref="oc-36d"/>
      </symbol>
      <symbol id="sm-1072">
         <name>__register_lock</name>
         <value>0x8d19a</value>
         <object_component_ref idref="oc-320"/>
      </symbol>
      <symbol id="sm-1073">
         <name>__nop</name>
         <value>0x8d19e</value>
         <object_component_ref idref="oc-320"/>
      </symbol>
      <symbol id="sm-1074">
         <name>__register_unlock</name>
         <value>0x8d196</value>
         <object_component_ref idref="oc-320"/>
      </symbol>
      <symbol id="sm-1083">
         <name>__args_main</name>
         <value>0x8cc77</value>
         <object_component_ref idref="oc-292"/>
      </symbol>
      <symbol id="sm-1091">
         <name>_memset</name>
         <value>0x8d0d9</value>
         <object_component_ref idref="oc-35b"/>
      </symbol>
      <symbol id="sm-10a7">
         <name>_strlen</name>
         <value>0x8d1f0</value>
         <object_component_ref idref="oc-344"/>
      </symbol>
      <symbol id="sm-10b4">
         <name>_HOSTwrite</name>
         <value>0x8c353</value>
         <object_component_ref idref="oc-40d"/>
      </symbol>
      <symbol id="sm-10cd">
         <name>___TI_readmsg</name>
         <value>0x8b426</value>
         <object_component_ref idref="oc-428"/>
      </symbol>
      <symbol id="sm-10ce">
         <name>C$$IO$$</name>
         <value>0x8b421</value>
         <object_component_ref idref="oc-428"/>
      </symbol>
      <symbol id="sm-10cf">
         <name>__CIOBUF_</name>
         <value>0x8c00</value>
         <object_component_ref idref="oc-22f"/>
      </symbol>
      <symbol id="sm-10d0">
         <name>___TI_writemsg</name>
         <value>0x8b3ce</value>
         <object_component_ref idref="oc-428"/>
      </symbol>
      <symbol id="sm-10de">
         <name>_vsprintf</name>
         <value>0x8c553</value>
         <object_component_ref idref="oc-343"/>
      </symbol>
      <symbol id="sm-120a">
         <name>___TI_printfi</name>
         <value>0x88ae2</value>
         <object_component_ref idref="oc-39f"/>
      </symbol>
      <symbol id="sm-121e">
         <name>_atoi</name>
         <value>0x8c4f2</value>
         <object_component_ref idref="oc-3d9"/>
      </symbol>
      <symbol id="sm-1226">
         <name>__ctypes_</name>
         <value>0x8392a</value>
         <object_component_ref idref="oc-3f6"/>
      </symbol>
      <symbol id="sm-1234">
         <name>_ltoa</name>
         <value>0x8c60d</value>
         <object_component_ref idref="oc-3da"/>
      </symbol>
      <symbol id="sm-1243">
         <name>_memccpy</name>
         <value>0x8d078</value>
         <object_component_ref idref="oc-3df"/>
      </symbol>
      <symbol id="sm-1252">
         <name>_strchr</name>
         <value>0x8d0e5</value>
         <object_component_ref idref="oc-3dd"/>
      </symbol>
      <symbol id="sm-125f">
         <name>_strcpy</name>
         <value>0x8d2c2</value>
         <object_component_ref idref="oc-3de"/>
      </symbol>
      <symbol id="sm-126b">
         <name>_parmbuf</name>
         <value>0xef30</value>
         <object_component_ref idref="oc-25c"/>
      </symbol>
      <symbol id="sm-127e">
         <name>_frexpl</name>
         <value>0x8be26</value>
         <object_component_ref idref="oc-3db"/>
      </symbol>
      <symbol id="sm-129b">
         <name>_scalbnl</name>
         <value>0x8ae82</value>
         <object_component_ref idref="oc-3dc"/>
      </symbol>
      <symbol id="sm-129c">
         <name>_ldexpl</name>
         <value>0x8ae82</value>
         <object_component_ref idref="oc-3dc"/>
      </symbol>
      <symbol id="sm-12ab">
         <name>FD$$TOI</name>
         <value>0x8c91b</value>
         <object_component_ref idref="oc-26d"/>
      </symbol>
      <symbol id="sm-12b7">
         <name>LL$$AND</name>
         <value>0x8ccd8</value>
         <object_component_ref idref="oc-272"/>
      </symbol>
      <symbol id="sm-12b8">
         <name>LL$$OR</name>
         <value>0x8cce0</value>
         <object_component_ref idref="oc-272"/>
      </symbol>
      <symbol id="sm-12b9">
         <name>LL$$XOR</name>
         <value>0x8cce8</value>
         <object_component_ref idref="oc-272"/>
      </symbol>
      <symbol id="sm-12c7">
         <name>ULL$$CMP</name>
         <value>0x8ca08</value>
         <object_component_ref idref="oc-277"/>
      </symbol>
      <symbol id="sm-12c8">
         <name>LL$$CMP</name>
         <value>0x8c9f6</value>
         <object_component_ref idref="oc-277"/>
      </symbol>
      <symbol id="sm-12d8">
         <name>I$$TOFD</name>
         <value>0x8ca4f</value>
         <object_component_ref idref="oc-27c"/>
      </symbol>
      <symbol id="sm-12e8">
         <name>L$$TOFD</name>
         <value>0x8caa4</value>
         <object_component_ref idref="oc-281"/>
      </symbol>
      <symbol id="sm-12f2">
         <name>_errno</name>
         <value>0x10043</value>
         <object_component_ref idref="oc-288"/>
      </symbol>
      <symbol id="sm-12ff">
         <name>_copysignl</name>
         <value>0x8c84f</value>
         <object_component_ref idref="oc-3f7"/>
      </symbol>
   </symbol_table>
   <title>Link successful</title>
</link_info>
